Archive member included to satisfy reference by file (symbol)

../Middlewares/ST/AI/Lib/NetworkRuntime910_CM7_GCC.a(ai_platform.o)
                              ./X-CUBE-AI/App/aiSystemPerformance.o (ai_buffer_get_size)
../Middlewares/ST/AI/Lib/NetworkRuntime910_CM7_GCC.a(ai_platform_interface.o)
                              ./X-CUBE-AI/App/network.o (ai_platform_get_weights_map)
../Middlewares/ST/AI/Lib/NetworkRuntime910_CM7_GCC.a(core_common.o)
                              ../Middlewares/ST/AI/Lib/NetworkRuntime910_CM7_GCC.a(ai_platform_interface.o) (core_init)
../Middlewares/ST/AI/Lib/NetworkRuntime910_CM7_GCC.a(core_mem_manager.o)
                              ../Middlewares/ST/AI/Lib/NetworkRuntime910_CM7_GCC.a(ai_platform_interface.o) (core_mem_alloc)
../Middlewares/ST/AI/Lib/NetworkRuntime910_CM7_GCC.a(layers.o)
                              ../Middlewares/ST/AI/Lib/NetworkRuntime910_CM7_GCC.a(ai_platform_interface.o) (ai_check_custom_types)
../Middlewares/ST/AI/Lib/NetworkRuntime910_CM7_GCC.a(layers_conv2d_stm32_integer.o)
                              ./X-CUBE-AI/App/network.o (forward_dense_integer_SSSA_ch)
../Middlewares/ST/AI/Lib/NetworkRuntime910_CM7_GCC.a(layers_conv2d_integer_scratch.o)
                              ../Middlewares/ST/AI/Lib/NetworkRuntime910_CM7_GCC.a(layers.o) (get_conv2d_scratch_size)
../Middlewares/ST/AI/Lib/NetworkRuntime910_CM7_GCC.a(forward_lite_dense_is8os8ws8.o)
                              ../Middlewares/ST/AI/Lib/NetworkRuntime910_CM7_GCC.a(layers_conv2d_stm32_integer.o) (forward_lite_dense_is8os8ws8)
../Middlewares/ST/AI/Lib/NetworkRuntime910_CM7_GCC.a(st_align_factor.o)
                              ../Middlewares/ST/AI/Lib/NetworkRuntime910_CM7_GCC.a(layers_conv2d_stm32_integer.o) (align_factor)
../Middlewares/ST/AI/Lib/NetworkRuntime910_CM7_GCC.a(st_sssa8_convolve.o)
                              ../Middlewares/ST/AI/Lib/NetworkRuntime910_CM7_GCC.a(layers_conv2d_stm32_integer.o) (st_sssa8_convolve_rank1upd)
../Middlewares/ST/AI/Lib/NetworkRuntime910_CM7_GCC.a(st_sssa8_convolve_1x1.o)
                              ../Middlewares/ST/AI/Lib/NetworkRuntime910_CM7_GCC.a(layers_conv2d_stm32_integer.o) (st_sssa8_convolve_1x1_WeightsPrefetch)
../Middlewares/ST/AI/Lib/NetworkRuntime910_CM7_GCC.a(st_sssa8_convolve_dw.o)
                              ../Middlewares/ST/AI/Lib/NetworkRuntime910_CM7_GCC.a(layers_conv2d_stm32_integer.o) (st_sssa8_conv_dw_Wadapt)
../Middlewares/ST/AI/Lib/NetworkRuntime910_CM7_GCC.a(st_sssa8_convolve_rgb.o)
                              ../Middlewares/ST/AI/Lib/NetworkRuntime910_CM7_GCC.a(layers_conv2d_stm32_integer.o) (st_sssa8_convolve_rgb)
../Middlewares/ST/AI/Lib/NetworkRuntime910_CM7_GCC.a(st_ssua8_ch_convolve.o)
                              ../Middlewares/ST/AI/Lib/NetworkRuntime910_CM7_GCC.a(layers_conv2d_stm32_integer.o) (st_ssua8_ch_convolve_rank1upd)
../Middlewares/ST/AI/Lib/NetworkRuntime910_CM7_GCC.a(st_ssua8_ch_convolve_1x1.o)
                              ../Middlewares/ST/AI/Lib/NetworkRuntime910_CM7_GCC.a(layers_conv2d_stm32_integer.o) (st_ssua8_ch_convolve_1x1)
../Middlewares/ST/AI/Lib/NetworkRuntime910_CM7_GCC.a(st_ssua8_ch_convolve_dw.o)
                              ../Middlewares/ST/AI/Lib/NetworkRuntime910_CM7_GCC.a(layers_conv2d_stm32_integer.o) (st_ssua8_ch_conv_dw_Wadapt)
../Middlewares/ST/AI/Lib/NetworkRuntime910_CM7_GCC.a(st_ssua8_ch_convolve_rgb.o)
                              ../Middlewares/ST/AI/Lib/NetworkRuntime910_CM7_GCC.a(layers_conv2d_stm32_integer.o) (st_ssua8_ch_convolve_rgb)
../Middlewares/ST/AI/Lib/NetworkRuntime910_CM7_GCC.a(st_ssua8_convolve.o)
                              ../Middlewares/ST/AI/Lib/NetworkRuntime910_CM7_GCC.a(layers_conv2d_stm32_integer.o) (st_ssua8_convolve_rank1upd)
../Middlewares/ST/AI/Lib/NetworkRuntime910_CM7_GCC.a(st_ssua8_convolve_1x1.o)
                              ../Middlewares/ST/AI/Lib/NetworkRuntime910_CM7_GCC.a(layers_conv2d_stm32_integer.o) (st_ssua8_convolve_1x1)
../Middlewares/ST/AI/Lib/NetworkRuntime910_CM7_GCC.a(st_ssua8_convolve_dw.o)
                              ../Middlewares/ST/AI/Lib/NetworkRuntime910_CM7_GCC.a(layers_conv2d_stm32_integer.o) (st_ssua8_conv_dw_Wadapt)
../Middlewares/ST/AI/Lib/NetworkRuntime910_CM7_GCC.a(st_ssua8_convolve_rgb.o)
                              ../Middlewares/ST/AI/Lib/NetworkRuntime910_CM7_GCC.a(layers_conv2d_stm32_integer.o) (st_ssua8_convolve_rgb)
../Middlewares/ST/AI/Lib/NetworkRuntime910_CM7_GCC.a(st_uaua8_ch_convolve.o)
                              ../Middlewares/ST/AI/Lib/NetworkRuntime910_CM7_GCC.a(layers_conv2d_stm32_integer.o) (st_uaua8_ch_convolve_rank1upd)
../Middlewares/ST/AI/Lib/NetworkRuntime910_CM7_GCC.a(st_uaua8_ch_convolve_1x1.o)
                              ../Middlewares/ST/AI/Lib/NetworkRuntime910_CM7_GCC.a(layers_conv2d_stm32_integer.o) (st_uaua8_ch_convolve_1x1)
../Middlewares/ST/AI/Lib/NetworkRuntime910_CM7_GCC.a(st_uaua8_ch_convolve_dw.o)
[...]
Memory Configuration

Name             Origin             Length             Attributes
RAM              0x20000000         0x00080000         xrw
FLASH            0x08000000         0x80000000         xr
*default*        0x00000000         0xffffffff

Linker script and memory map

LOAD /Applications/STM32CubeIDE.app/Contents/Eclipse/plugins/com.st.stm32cube.ide.mcu.externaltools.gnu-tools-for-stm32.12.3.rel1.macos64_1.0.200.202406191456/tools/bin/../lib/gcc/arm-none-eabi/12.3.1/thumb/v7e-m+dp/hard/crti.o
LOAD /Applications/STM32CubeIDE.app/Contents/Eclipse/plugins/com.st.stm32cube.ide.mcu.externaltools.gnu-tools-for-stm32.12.3.rel1.macos64_1.0.200.202406191456/tools/bin/../lib/gcc/arm-none-eabi/12.3.1/thumb/v7e-m+dp/hard/crtbegin.o
LOAD /Applications/STM32CubeIDE.app/Contents/Eclipse/plugins/com.st.stm32cube.ide.mcu.externaltools.gnu-tools-for-stm32.12.3.rel1.macos64_1.0.200.202406191456/tools/bin/../lib/gcc/arm-none-eabi/12.3.1/../../../../arm-none-eabi/lib/thumb/v7e-m+dp/hard/crt0.o
LOAD ./Core/Src/main.o
LOAD ./Core/Src/stm32f7xx_hal_msp.o
LOAD ./Core/Src/stm32f7xx_it.o
LOAD ./Core/Src/syscalls.o
LOAD ./Core/Src/sysmem.o
LOAD ./Core/Src/system_stm32f7xx.o
LOAD ./Core/Startup/startup_stm32f769nihx.o
LOAD ./Drivers/BSP/STM32F769I-Discovery/stm32f769i_discovery_sdram.o
LOAD ./Drivers/STM32F7xx_HAL_Driver/Src/stm32f7xx_hal.o
LOAD ./Drivers/STM32F7xx_HAL_Driver/Src/stm32f7xx_hal_cortex.o
LOAD ./Drivers/STM32F7xx_HAL_Driver/Src/stm32f7xx_hal_dma.o
LOAD ./Drivers/STM32F7xx_HAL_Driver/Src/stm32f7xx_hal_dma_ex.o
LOAD ./Drivers/STM32F7xx_HAL_Driver/Src/stm32f7xx_hal_exti.o
LOAD ./Drivers/STM32F7xx_HAL_Driver/Src/stm32f7xx_hal_flash.o
LOAD ./Drivers/STM32F7xx_HAL_Driver/Src/stm32f7xx_hal_flash_ex.o
LOAD ./Drivers/STM32F7xx_HAL_Driver/Src/stm32f7xx_hal_gpio.o
LOAD ./Drivers/STM32F7xx_HAL_Driver/Src/stm32f7xx_hal_i2c.o
LOAD ./Drivers/STM32F7xx_HAL_Driver/Src/stm32f7xx_hal_i2c_ex.o
LOAD ./Drivers/STM32F7xx_HAL_Driver/Src/stm32f7xx_hal_pwr.o
LOAD ./Drivers/STM32F7xx_HAL_Driver/Src/stm32f7xx_hal_pwr_ex.o
LOAD ./Drivers/STM32F7xx_HAL_Driver/Src/stm32f7xx_hal_rcc.o
LOAD ./Drivers/STM32F7xx_HAL_Driver/Src/stm32f7xx_hal_rcc_ex.o
LOAD ./Drivers/STM32F7xx_HAL_Driver/Src/stm32f7xx_hal_sdram.o
LOAD ./Drivers/STM32F7xx_HAL_Driver/Src/stm32f7xx_hal_tim.o
LOAD ./Drivers/STM32F7xx_HAL_Driver/Src/stm32f7xx_hal_tim_ex.o
LOAD ./Drivers/STM32F7xx_HAL_Driver/Src/stm32f7xx_hal_uart.o
LOAD ./Drivers/STM32F7xx_HAL_Driver/Src/stm32f7xx_hal_uart_ex.o
LOAD ./Drivers/STM32F7xx_HAL_Driver/Src/stm32f7xx_ll_fmc.o
LOAD ./X-CUBE-AI/App/aiSystemPerformance.o
LOAD ./X-CUBE-AI/App/aiTestHelper.o
LOAD ./X-CUBE-AI/App/aiTestUtility.o
LOAD ./X-CUBE-AI/App/ai_device_adaptor.o
LOAD ./X-CUBE-AI/App/app_x-cube-ai.o
LOAD ./X-CUBE-AI/App/lc_print.o
LOAD ./X-CUBE-AI/App/network.o
LOAD ./X-CUBE-AI/App/network_data.o
LOAD ./X-CUBE-AI/App/network_data_params.o
LOAD ./X-CUBE-AI/App/syscalls.o
LOAD ../Middlewares/ST/AI/Lib/NetworkRuntime910_CM7_GCC.a
START GROUP
LOAD /Applications/STM32CubeIDE.app/Contents/Eclipse/plugins/com.st.stm32cube.ide.mcu.externaltools.gnu-tools-for-stm32.12.3.rel1.macos64_1.0.200.202406191456/tools/bin/../lib/gcc/arm-none-eabi/12.3.1/../../../../arm-none-eabi/lib/thumb/v7e-m+dp/hard/libc_nano.a
LOAD /Applications/STM32CubeIDE.app/Contents/Eclipse/plugins/com.st.stm32cube.ide.mcu.externaltools.gnu-tools-for-stm32.12.3.rel1.macos64_1.0.200.202406191456/tools/bin/../lib/gcc/arm-none-eabi/12.3.1/../../../../arm-none-eabi/lib/thumb/v7e-m+dp/hard/libm.a
END GROUP
START GROUP
LOAD /Applications/STM32CubeIDE.app/Contents/Eclipse/plugins/com.st.stm32cube.ide.mcu.externaltools.gnu-tools-for-stm32.12.3.rel1.macos64_1.0.200.202406191456/tools/bin/../lib/gcc/arm-none-eabi/12.3.1/thumb/v7e-m+dp/hard/libgcc.a
LOAD /Applications/STM32CubeIDE.app/Contents/Eclipse/plugins/com.st.stm32cube.ide.mcu.externaltools.gnu-tools-for-stm32.12.3.rel1.macos64_1.0.200.202406191456/tools/bin/../lib/gcc/arm-none-eabi/12.3.1/../../../../arm-none-eabi/lib/thumb/v7e-m+dp/hard/libc_nano.a
END GROUP
START GROUP
LOAD /Applications/STM32CubeIDE.app/Contents/Eclipse/plugins/com.st.stm32cube.ide.mcu.externaltools.gnu-tools-for-stm32.12.3.rel1.macos64_1.0.200.202406191456/tools/bin/../lib/gcc/arm-none-eabi/12.3.1/thumb/v7e-m+dp/hard/libgcc.a
LOAD /Applications/STM32CubeIDE.app/Contents/Eclipse/plugins/com.st.stm32cube.ide.mcu.externaltools.gnu-tools-for-stm32.12.3.rel1.macos64_1.0.200.202406191456/tools/bin/../lib/gcc/arm-none-eabi/12.3.1/../../../../arm-none-eabi/lib/thumb/v7e-m+dp/hard/libc_nano.a
LOAD /Applications/STM32CubeIDE.app/Contents/Eclipse/plugins/com.st.stm32cube.ide.mcu.externaltools.gnu-tools-for-stm32.12.3.rel1.macos64_1.0.200.202406191456/tools/bin/../lib/gcc/arm-none-eabi/12.3.1/../../../../arm-none-eabi/lib/thumb/v7e-m+dp/hard/libnosys.a
END GROUP
START GROUP
LOAD /Applications/STM32CubeIDE.app/Contents/Eclipse/plugins/com.st.stm32cube.ide.mcu.externaltools.gnu-tools-for-stm32.12.3.rel1.macos64_1.0.200.202406191456/tools/bin/../lib/gcc/arm-none-eabi/12.3.1/thumb/v7e-m+dp/hard/libgcc.a
LOAD /Applications/STM32CubeIDE.app/Contents/Eclipse/plugins/com.st.stm32cube.ide.mcu.externaltools.gnu-tools-for-stm32.12.3.rel1.macos64_1.0.200.202406191456/tools/bin/../lib/gcc/arm-none-eabi/12.3.1/../../../../arm-none-eabi/lib/thumb/v7e-m+dp/hard/libc_nano.a
LOAD /Applications/STM32CubeIDE.app/Contents/Eclipse/plugins/com.st.stm32cube.ide.mcu.externaltools.gnu-tools-for-stm32.12.3.rel1.macos64_1.0.200.202406191456/tools/bin/../lib/gcc/arm-none-eabi/12.3.1/../../../../arm-none-eabi/lib/thumb/v7e-m+dp/hard/libnosys.a
END GROUP
LOAD /Applications/STM32CubeIDE.app/Contents/Eclipse/plugins/com.st.stm32cube.ide.mcu.externaltools.gnu-tools-for-stm32.12.3.rel1.macos64_1.0.200.202406191456/tools/bin/../lib/gcc/arm-none-eabi/12.3.1/thumb/v7e-m+dp/hard/crtend.o
LOAD /Applications/STM32CubeIDE.app/Contents/Eclipse/plugins/com.st.stm32cube.ide.mcu.externaltools.gnu-tools-for-stm32.12.3.rel1.macos64_1.0.200.202406191456/tools/bin/../lib/gcc/arm-none-eabi/12.3.1/thumb/v7e-m+dp/hard/crtn.o
                0x20080000                        _estack = (ORIGIN (RAM) + LENGTH (RAM))
                0x00000800                        _Min_Heap_Size = 0x800
                0x00000800                        _Min_Stack_Size = 0x800

.AI_RAM         0x20000000      0xeb0
                0x20000000                        . = ALIGN (0x4)
 *(.AI_RAM)
 .AI_RAM        0x20000000      0xeb0 ./X-CUBE-AI/App/app_x-cube-ai.o

.isr_vector     0x08000000      0x1f8
                0x08000000                        . = ALIGN (0x4)
 *(.isr_vector)
 .isr_vector    0x08000000      0x1f8 ./Core/Startup/startup_stm32f769nihx.o
                0x08000000                g_pfnVectors
                0x080001f8                        . = ALIGN (0x4)

.text           0x08000200     0x7598
                0x08000200                        . = ALIGN (0x4)
 *(.text)
 .text          0x08000200       0x40 /Applications/STM32CubeIDE.app/Contents/Eclipse/plugins/com.st.stm32cube.ide.mcu.externaltools.gnu-tools-for-stm32.12.3.rel1.macos64_1.0.200.202406191456/tools/bin/../lib/gcc/arm-none-eabi/12.3.1/thumb/v7e-m+dp/hard/crtbegin.o
 .text          0x08000240       0xa0 /Applications/STM32CubeIDE.app/Contents/Eclipse/plugins/com.st.stm32cube.ide.mcu.externaltools.gnu-tools-for-stm32.12.3.rel1.macos64_1.0.200.202406191456/tools/bin/../lib/gcc/arm-none-eabi/12.3.1/../../../../arm-none-eabi/lib/thumb/v7e-m+dp/hard/libc_nano.a(libc_a-memchr.o)
                0x08000240                memchr
 .text          0x080002e0       0x10 /Applications/STM32CubeIDE.app/Contents/Eclipse/plugins/com.st.stm32cube.ide.mcu.externaltools.gnu-tools-for-stm32.12.3.rel1.macos64_1.0.200.202406191456/tools/bin/../lib/gcc/arm-none-eabi/12.3.1/../../../../arm-none-eabi/lib/thumb/v7e-m+dp/hard/libc_nano.a(libc_a-strlen.o)
                0x080002e0                strlen
 .text          0x080002f0       0x30 /Applications/STM32CubeIDE.app/Contents/Eclipse/plugins/com.st.stm32cube.ide.mcu.externaltools.gnu-tools-for-stm32.12.3.rel1.macos64_1.0.200.202406191456/tools/bin/../lib/gcc/arm-none-eabi/12.3.1/thumb/v7e-m+dp/hard/libgcc.a(_aeabi_uldivmod.o)
                0x080002f0                __aeabi_uldivmod
 .text          0x08000320      0x2bc /Applications/STM32CubeIDE.app/Contents/Eclipse/plugins/com.st.stm32cube.ide.mcu.externaltools.gnu-tools-for-stm32.12.3.rel1.macos64_1.0.200.202406191456/tools/bin/../lib/gcc/arm-none-eabi/12.3.1/thumb/v7e-m+dp/hard/libgcc.a(_udivmoddi4.o)
                0x08000320                __udivmoddi4
 .text          0x080005dc        0x4 /Applications/STM32CubeIDE.app/Contents/Eclipse/plugins/com.st.stm32cube.ide.mcu.externaltools.gnu-tools-for-stm32.12.3.rel1.macos64_1.0.200.202406191456/tools/bin/../lib/gcc/arm-none-eabi/12.3.1/thumb/v7e-m+dp/hard/libgcc.a(_dvmd_tls.o)
                0x080005dc                __aeabi_ldiv0
                0x080005dc                __aeabi_idiv0
 *(.text*)
 .text.SystemClock_Config
                0x080005e0       0xac ./Core/Src/main.o
                0x080005e0                SystemClock_Config
 .text.MX_USART1_UART_Init
                0x0800068c       0x38 ./Core/Src/main.o
                0x0800068c                MX_USART1_UART_Init
 .text.pa3_ai_network_init
                0x080006c4       0x50 ./Core/Src/main.o
                0x080006c4                pa3_ai_network_init
 .text.pa3_ai_network_inference
                0x08000714       0x94 ./Core/Src/main.o
                0x08000714                pa3_ai_network_inference
 .text.UART_SendString
                0x080007a8       0x1e ./Core/Src/main.o
                0x080007a8                UART_SendString
 *fill*         0x080007c6        0x2 
 .text.pa3_run_model_on_test_dataset
                0x080007c8      0x1c0 ./Core/Src/main.o
                0x080007c8                pa3_run_model_on_test_dataset
 .text.TIM2_Init_1us
                0x08000988       0xa0 ./Core/Src/main.o
                0x08000988                TIM2_Init_1us
 .text.startup.main
                0x08000a28      0x794 ./Core/Src/main.o
                0x08000a28                main
 .text.Error_Handler
                0x080011bc        0x4 ./Core/Src/main.o
                0x080011bc                Error_Handler
 .text.HAL_MspInit
                0x080011c0       0x30 ./Core/Src/stm32f7xx_hal_msp.o
                0x080011c0                HAL_MspInit
 .text.HAL_UART_MspInit
                0x080011f0       0xa0 ./Core/Src/stm32f7xx_hal_msp.o
                0x080011f0                HAL_UART_MspInit
 .text.NMI_Handler
                0x08001290        0x2 ./Core/Src/stm32f7xx_it.o
                0x08001290                NMI_Handler
 .text.HardFault_Handler
                0x08001292        0x2 ./Core/Src/stm32f7xx_it.o
                0x08001292                HardFault_Handler
 .text.MemManage_Handler
                0x08001294        0x2 ./Core/Src/stm32f7xx_it.o
                0x08001294                MemManage_Handler
 .text.BusFault_Handler
                0x08001296        0x2 ./Core/Src/stm32f7xx_it.o
                0x08001296                BusFault_Handler
 .text.UsageFault_Handler
                0x08001298        0x2 ./Core/Src/stm32f7xx_it.o
                0x08001298                UsageFault_Handler
 .text.SVC_Handler
                0x0800129a        0x2 ./Core/Src/stm32f7xx_it.o
                0x0800129a                SVC_Handler
 .text.DebugMon_Handler
                0x0800129c        0x2 ./Core/Src/stm32f7xx_it.o
                0x0800129c                DebugMon_Handler
 .text.PendSV_Handler
                0x0800129e        0x2 ./Core/Src/stm32f7xx_it.o
                0x0800129e                PendSV_Handler
 .text.SysTick_Handler
                0x080012a0        0x4 ./Core/Src/stm32f7xx_it.o
                0x080012a0                SysTick_Handler
 .text._getpid  0x080012a4        0x4 ./Core/Src/syscalls.o
                0x080012a4                _getpid
 .text._kill    0x080012a8       0x10 ./Core/Src/syscalls.o
                0x080012a8                _kill
 .text._exit    0x080012b8        0xc ./Core/Src/syscalls.o
                0x080012b8                _exit
 .text._read    0x080012c4       0x1c ./Core/Src/syscalls.o
                0x080012c4                _read
 .text._close   0x080012e0        0x6 ./Core/Src/syscalls.o
                0x080012e0                _close
 .text._fstat   0x080012e6        0xa ./Core/Src/syscalls.o
                0x080012e6                _fstat
 .text._isatty  0x080012f0        0x4 ./Core/Src/syscalls.o
                0x080012f0                _isatty
 .text._lseek   0x080012f4        0x4 ./Core/Src/syscalls.o
                0x080012f4                _lseek
 .text._sbrk    0x080012f8       0x40 ./Core/Src/sysmem.o
                0x080012f8                _sbrk
 .text.SystemInit
                0x08001338       0x14 ./Core/Src/system_stm32f7xx.o
                0x08001338                SystemInit
 .text.SystemCoreClockUpdate
                0x0800134c       0x70 ./Core/Src/system_stm32f7xx.o
                0x0800134c                SystemCoreClockUpdate
 .text.Reset_Handler
                0x080013bc       0x50 ./Core/Startup/startup_stm32f769nihx.o
                0x080013bc                Reset_Handler
 .text.Default_Handler
                0x0800140c        0x2 ./Core/Startup/startup_stm32f769nihx.o
                0x0800140c                DMA1_Stream3_IRQHandler
                0x0800140c                EXTI2_IRQHandler
                0x0800140c                TIM8_CC_IRQHandler
                0x0800140c                UART8_IRQHandler
                0x0800140c                SPI4_IRQHandler
                0x0800140c                TIM1_CC_IRQHandler
                0x0800140c                DMA2_Stream5_IRQHandler
                0x0800140c                JPEG_IRQHandler
                0x0800140c                DMA1_Stream5_IRQHandler
                0x0800140c                CAN3_RX1_IRQHandler
                0x0800140c                PVD_IRQHandler
                0x0800140c                TAMP_STAMP_IRQHandler
                0x0800140c                CAN2_RX1_IRQHandler
                0x0800140c                EXTI3_IRQHandler
                0x0800140c                TIM8_TRG_COM_TIM14_IRQHandler
                0x0800140c                DFSDM1_FLT1_IRQHandler
                0x0800140c                TIM1_UP_TIM10_IRQHandler
                0x0800140c                TIM8_UP_TIM13_IRQHandler
                0x0800140c                I2C3_ER_IRQHandler
                0x0800140c                DFSDM1_FLT2_IRQHandler
                0x0800140c                EXTI0_IRQHandler
                0x0800140c                I2C2_EV_IRQHandler
                0x0800140c                DMA1_Stream2_IRQHandler
                0x0800140c                CAN1_RX0_IRQHandler
                0x0800140c                FPU_IRQHandler
                0x0800140c                OTG_HS_WKUP_IRQHandler
                0x0800140c                CAN3_SCE_IRQHandler
                0x0800140c                LTDC_ER_IRQHandler
                0x0800140c                CAN2_SCE_IRQHandler
                0x0800140c                DMA2_Stream2_IRQHandler
                0x0800140c                SPI1_IRQHandler
                0x0800140c                TIM6_DAC_IRQHandler
                0x0800140c                TIM1_BRK_TIM9_IRQHandler
                0x0800140c                DCMI_IRQHandler
                0x0800140c                CAN2_RX0_IRQHandler
                0x0800140c                DMA2_Stream3_IRQHandler
                0x0800140c                SAI2_IRQHandler
                0x0800140c                DFSDM1_FLT3_IRQHandler
                0x0800140c                USART6_IRQHandler
                0x0800140c                CAN3_RX0_IRQHandler
                0x0800140c                USART3_IRQHandler
                0x0800140c                CAN1_RX1_IRQHandler
                0x0800140c                UART5_IRQHandler
                0x0800140c                DMA2_Stream0_IRQHandler
                0x0800140c                TIM4_IRQHandler
                0x0800140c                QUADSPI_IRQHandler
                0x0800140c                I2C1_EV_IRQHandler
                0x0800140c                DMA1_Stream6_IRQHandler
                0x0800140c                DMA1_Stream1_IRQHandler
                0x0800140c                UART4_IRQHandler
                0x0800140c                TIM3_IRQHandler
                0x0800140c                RCC_IRQHandler
                0x0800140c                TIM8_BRK_TIM12_IRQHandler
                0x0800140c                Default_Handler
                0x0800140c                CEC_IRQHandler
                0x0800140c                EXTI15_10_IRQHandler
                0x0800140c                ADC_IRQHandler
                0x0800140c                DMA1_Stream7_IRQHandler
                0x0800140c                SPI5_IRQHandler
                0x0800140c                TIM7_IRQHandler
                0x0800140c                SDMMC1_IRQHandler
                0x0800140c                CAN2_TX_IRQHandler
                0x0800140c                TIM5_IRQHandler
                0x0800140c                DMA2_Stream7_IRQHandler
                0x0800140c                I2C3_EV_IRQHandler
                0x0800140c                EXTI9_5_IRQHandler
                0x0800140c                RTC_WKUP_IRQHandler
                0x0800140c                LTDC_IRQHandler
                0x0800140c                ETH_WKUP_IRQHandler
                0x0800140c                SPDIF_RX_IRQHandler
                0x0800140c                SPI2_IRQHandler
                0x0800140c                OTG_HS_EP1_IN_IRQHandler
                0x0800140c                DMA1_Stream0_IRQHandler
                0x0800140c                CAN1_TX_IRQHandler
                0x0800140c                EXTI4_IRQHandler
                0x0800140c                RNG_IRQHandler
                0x0800140c                DSI_IRQHandler
                0x0800140c                ETH_IRQHandler
                0x0800140c                OTG_HS_EP1_OUT_IRQHandler
                0x0800140c                WWDG_IRQHandler
                0x0800140c                SPI6_IRQHandler
                0x0800140c                MDIOS_IRQHandler
                0x0800140c                I2C4_EV_IRQHandler
                0x0800140c                CAN3_TX_IRQHandler
                0x0800140c                TIM2_IRQHandler
                0x0800140c                OTG_FS_WKUP_IRQHandler
                0x0800140c                TIM1_TRG_COM_TIM11_IRQHandler
                0x0800140c                OTG_HS_IRQHandler
                0x0800140c                DMA2D_IRQHandler
                0x0800140c                EXTI1_IRQHandler
                0x0800140c                SDMMC2_IRQHandler
                0x0800140c                UART7_IRQHandler
                0x0800140c                USART2_IRQHandler
                0x0800140c                DFSDM1_FLT0_IRQHandler
                0x0800140c                I2C2_ER_IRQHandler
                0x0800140c                DMA2_Stream1_IRQHandler
                0x0800140c                CAN1_SCE_IRQHandler
                0x0800140c                FLASH_IRQHandler
                0x0800140c                DMA2_Stream4_IRQHandler
                0x0800140c                USART1_IRQHandler
                0x0800140c                OTG_FS_IRQHandler
                0x0800140c                SPI3_IRQHandler
                0x0800140c                DMA1_Stream4_IRQHandler
                0x0800140c                I2C1_ER_IRQHandler
                0x0800140c                FMC_IRQHandler
                0x0800140c                LPTIM1_IRQHandler
                0x0800140c                I2C4_ER_IRQHandler
                0x0800140c                DMA2_Stream6_IRQHandler
                0x0800140c                SAI1_IRQHandler
                0x0800140c                RTC_Alarm_IRQHandler
 *fill*         0x0800140e        0x2 
 .text.BSP_SDRAM_Initialization_sequence
                0x08001410       0x94 ./Drivers/BSP/STM32F769I-Discovery/stm32f769i_discovery_sdram.o
                0x08001410                BSP_SDRAM_Initialization_sequence
 .text.BSP_SDRAM_MspInit
                0x080014a4      0x17c ./Drivers/BSP/STM32F769I-Discovery/stm32f769i_discovery_sdram.o
                0x080014a4                BSP_SDRAM_MspInit
 .text.BSP_SDRAM_Init
                0x08001620       0x78 ./Drivers/BSP/STM32F769I-Discovery/stm32f769i_discovery_sdram.o
                0x08001620                BSP_SDRAM_Init
 .text.HAL_InitTick
                0x08001698       0x48 ./Drivers/STM32F7xx_HAL_Driver/Src/stm32f7xx_hal.o
                0x08001698                HAL_InitTick
 .text.HAL_Init
                0x080016e0       0x16 ./Drivers/STM32F7xx_HAL_Driver/Src/stm32f7xx_hal.o
                0x080016e0                HAL_Init
 *fill*         0x080016f6        0x2 
 .text.HAL_IncTick
                0x080016f8       0x18 ./Drivers/STM32F7xx_HAL_Driver/Src/stm32f7xx_hal.o
                0x080016f8                HAL_IncTick
 .text.HAL_GetTick
                0x08001710        0xc ./Drivers/STM32F7xx_HAL_Driver/Src/stm32f7xx_hal.o
                0x08001710                HAL_GetTick
 .text.HAL_Delay
                0x0800171c       0x24 ./Drivers/STM32F7xx_HAL_Driver/Src/stm32f7xx_hal.o
                0x0800171c                HAL_Delay
 .text.HAL_NVIC_SetPriorityGrouping
                0x08001740       0x24 ./Drivers/STM32F7xx_HAL_Driver/Src/stm32f7xx_hal_cortex.o
                0x08001740                HAL_NVIC_SetPriorityGrouping
 .text.HAL_NVIC_SetPriority
                0x08001764       0x64 ./Drivers/STM32F7xx_HAL_Driver/Src/stm32f7xx_hal_cortex.o
                0x08001764                HAL_NVIC_SetPriority
 .text.HAL_NVIC_EnableIRQ
                0x080017c8       0x1c ./Drivers/STM32F7xx_HAL_Driver/Src/stm32f7xx_hal_cortex.o
                0x080017c8                HAL_NVIC_EnableIRQ
 .text.HAL_SYSTICK_Config
                0x080017e4       0x28 ./Drivers/STM32F7xx_HAL_Driver/Src/stm32f7xx_hal_cortex.o
                0x080017e4                HAL_SYSTICK_Config
 .text.HAL_MPU_Disable
                0x0800180c       0x1c ./Drivers/STM32F7xx_HAL_Driver/Src/stm32f7xx_hal_cortex.o
                0x0800180c                HAL_MPU_Disable
 .text.HAL_MPU_Enable
                0x08001828       0x20 ./Drivers/STM32F7xx_HAL_Driver/Src/stm32f7xx_hal_cortex.o
                0x08001828                HAL_MPU_Enable
 .text.HAL_MPU_ConfigRegion
                0x08001848       0x58 ./Drivers/STM32F7xx_HAL_Driver/Src/stm32f7xx_hal_cortex.o
                0x08001848                HAL_MPU_ConfigRegion
 .text.DMA_CalcBaseAndBitshift
                0x080018a0       0x2c ./Drivers/STM32F7xx_HAL_Driver/Src/stm32f7xx_hal_dma.o
 .text.HAL_DMA_Init
                0x080018cc       0xfc ./Drivers/STM32F7xx_HAL_Driver/Src/stm32f7xx_hal_dma.o
                0x080018cc                HAL_DMA_Init
 .text.HAL_DMA_DeInit
                0x080019c8       0x54 ./Drivers/STM32F7xx_HAL_Driver/Src/stm32f7xx_hal_dma.o
                0x080019c8                HAL_DMA_DeInit
 .text.HAL_GPIO_Init
                0x08001a1c      0x1c8 ./Drivers/STM32F7xx_HAL_Driver/Src/stm32f7xx_hal_gpio.o
                0x08001a1c                HAL_GPIO_Init
 .text.HAL_GPIO_WritePin
                0x08001be4        0xa ./Drivers/STM32F7xx_HAL_Driver/Src/stm32f7xx_hal_gpio.o
                0x08001be4                HAL_GPIO_WritePin
 *fill*         0x08001bee        0x2 
 .text.HAL_PWREx_EnableOverDrive
                0x08001bf0       0x70 ./Drivers/STM32F7xx_HAL_Driver/Src/stm32f7xx_hal_pwr_ex.o
                0x08001bf0                HAL_PWREx_EnableOverDrive
 .text.HAL_RCC_OscConfig
                0x08001c60      0x388 ./Drivers/STM32F7xx_HAL_Driver/Src/stm32f7xx_hal_rcc.o
                0x08001c60                HAL_RCC_OscConfig
 .text.HAL_RCC_GetSysClockFreq
                0x08001fe8       0x5c ./Drivers/STM32F7xx_HAL_Driver/Src/stm32f7xx_hal_rcc.o
                0x08001fe8                HAL_RCC_GetSysClockFreq
 .text.HAL_RCC_ClockConfig
                0x08002044      0x13c ./Drivers/STM32F7xx_HAL_Driver/Src/stm32f7xx_hal_rcc.o
                0x08002044                HAL_RCC_ClockConfig
 .text.HAL_RCC_GetPCLK1Freq
                0x08002180       0x20 ./Drivers/STM32F7xx_HAL_Driver/Src/stm32f7xx_hal_rcc.o
                0x08002180                HAL_RCC_GetPCLK1Freq
 .text.HAL_RCC_GetPCLK2Freq
                0x080021a0       0x20 ./Drivers/STM32F7xx_HAL_Driver/Src/stm32f7xx_hal_rcc.o
                0x080021a0                HAL_RCC_GetPCLK2Freq
 .text.HAL_RCCEx_PeriphCLKConfig
                0x080021c0      0x55c ./Drivers/STM32F7xx_HAL_Driver/Src/stm32f7xx_hal_rcc_ex.o
                0x080021c0                HAL_RCCEx_PeriphCLKConfig
 .text.HAL_SDRAM_MspInit
                0x0800271c        0x2 ./Drivers/STM32F7xx_HAL_Driver/Src/stm32f7xx_hal_sdram.o
                0x0800271c                HAL_SDRAM_MspInit
 .text.HAL_SDRAM_Init
                0x0800271e       0x40 ./Drivers/STM32F7xx_HAL_Driver/Src/stm32f7xx_hal_sdram.o
                0x0800271e                HAL_SDRAM_Init
 .text.HAL_SDRAM_SendCommand
                0x0800275e       0x3e ./Drivers/STM32F7xx_HAL_Driver/Src/stm32f7xx_hal_sdram.o
                0x0800275e                HAL_SDRAM_SendCommand
 .text.HAL_SDRAM_ProgramRefreshRate
                0x0800279c       0x30 ./Drivers/STM32F7xx_HAL_Driver/Src/stm32f7xx_hal_sdram.o
                0x0800279c                HAL_SDRAM_ProgramRefreshRate
 .text.HAL_TIM_Base_MspInit
                0x080027cc        0x2 ./Drivers/STM32F7xx_HAL_Driver/Src/stm32f7xx_hal_tim.o
                0x080027cc                HAL_TIM_Base_MspInit
 *fill*         0x080027ce        0x2 
 .text.HAL_TIM_Base_Start
                0x080027d0       0x74 ./Drivers/STM32F7xx_HAL_Driver/Src/stm32f7xx_hal_tim.o
                0x080027d0                HAL_TIM_Base_Start
 .text.TIM_Base_SetConfig
                0x08002844       0xcc ./Drivers/STM32F7xx_HAL_Driver/Src/stm32f7xx_hal_tim.o
                0x08002844                TIM_Base_SetConfig
 .text.HAL_TIM_Base_Init
                0x08002910       0x60 ./Drivers/STM32F7xx_HAL_Driver/Src/stm32f7xx_hal_tim.o
                0x08002910                HAL_TIM_Base_Init
 .text.UART_SetConfig
                0x08002970      0x238 ./Drivers/STM32F7xx_HAL_Driver/Src/stm32f7xx_hal_uart.o
                0x08002970                UART_SetConfig
 .text.UART_AdvFeatureConfig
                0x08002ba8       0xaa ./Drivers/STM32F7xx_HAL_Driver/Src/stm32f7xx_hal_uart.o
                0x08002ba8                UART_AdvFeatureConfig
 .text.UART_WaitOnFlagUntilTimeout
                0x08002c52       0xc4 ./Drivers/STM32F7xx_HAL_Driver/Src/stm32f7xx_hal_uart.o
                0x08002c52                UART_WaitOnFlagUntilTimeout
 .text.HAL_UART_Transmit
                0x08002d16       0x9e ./Drivers/STM32F7xx_HAL_Driver/Src/stm32f7xx_hal_uart.o
                0x08002d16                HAL_UART_Transmit
 .text.UART_CheckIdleState
                0x08002db4       0x68 ./Drivers/STM32F7xx_HAL_Driver/Src/stm32f7xx_hal_uart.o
                0x08002db4                UART_CheckIdleState
 .text.HAL_UART_Init
                0x08002e1c       0x5c ./Drivers/STM32F7xx_HAL_Driver/Src/stm32f7xx_hal_uart.o
                0x08002e1c                HAL_UART_Init
 .text.FMC_SDRAM_Init
                0x08002e78       0x70 ./Drivers/STM32F7xx_HAL_Driver/Src/stm32f7xx_ll_fmc.o
                0x08002e78                FMC_SDRAM_Init
 .text.FMC_SDRAM_Timing_Init
                0x08002ee8       0x6c ./Drivers/STM32F7xx_HAL_Driver/Src/stm32f7xx_ll_fmc.o
                0x08002ee8                FMC_SDRAM_Timing_Init
 .text.FMC_SDRAM_SendCommand
                0x08002f54       0x24 ./Drivers/STM32F7xx_HAL_Driver/Src/stm32f7xx_ll_fmc.o
                0x08002f54                FMC_SDRAM_SendCommand
 .text.FMC_SDRAM_ProgramRefreshRate
                0x08002f78       0x14 ./Drivers/STM32F7xx_HAL_Driver/Src/stm32f7xx_ll_fmc.o
                0x08002f78                FMC_SDRAM_ProgramRefreshRate
 .text._write   0x08002f8c       0x40 ./X-CUBE-AI/App/aiTestUtility.o
                0x08002f8c                _write
 .text.__wrap_malloc
                0x08002fcc       0x50 ./X-CUBE-AI/App/aiTestUtility.o
                0x08002fcc                __wrap_malloc
 .text.ai_network_get_info
                0x0800301c       0x9c ./X-CUBE-AI/App/network.o
                0x0800301c                ai_network_get_info
 .text.ai_network_get_error
                0x080030b8        0x4 ./X-CUBE-AI/App/network.o
                0x080030b8                ai_network_get_error
 .text.ai_network_create
                0x080030bc       0x1c ./X-CUBE-AI/App/network.o
                0x080030bc                ai_network_create
 .text.ai_network_init
                0x080030d8      0x144 ./X-CUBE-AI/App/network.o
                0x080030d8                ai_network_init
 .text.ai_network_run
                0x0800321c        0x4 ./X-CUBE-AI/App/network.o
                0x0800321c                ai_network_run
 .text.ai_network_data_activations_buffer_get
                0x08003220       0x28 ./X-CUBE-AI/App/network_data.o
                0x08003220                ai_network_data_activations_buffer_get
 .text.ai_network_data_weights_buffer_get
                0x08003248       0x28 ./X-CUBE-AI/App/network_data.o
                0x08003248                ai_network_data_weights_buffer_get
 .text.ai_network_data_weights_get
                0x08003270        0x8 ./X-CUBE-AI/App/network_data.o
                0x08003270                ai_network_data_weights_get
 .text.ai_buffer_get_size
                0x08003278       0x68 ../Middlewares/ST/AI/Lib/NetworkRuntime910_CM7_GCC.a(ai_platform.o)
                0x08003278                ai_buffer_get_size
 .text.ai_buffer_array_sane
                0x080032e0       0x14 ../Middlewares/ST/AI/Lib/NetworkRuntime910_CM7_GCC.a(ai_platform.o)
                0x080032e0                ai_buffer_array_sane
 .text.ai_platform_get_weights_map
                0x080032f4       0xb0 ../Middlewares/ST/AI/Lib/NetworkRuntime910_CM7_GCC.a(ai_platform_interface.o)
                0x080032f4                ai_platform_get_weights_map
 .text.ai_platform_get_activations_map
                0x080033a4       0xb0 ../Middlewares/ST/AI/Lib/NetworkRuntime910_CM7_GCC.a(ai_platform_interface.o)
                0x080033a4                ai_platform_get_activations_map
 .text.ai_platform_runtime_get_revision
                0x08003454        0x8 ../Middlewares/ST/AI/Lib/NetworkRuntime910_CM7_GCC.a(ai_platform_interface.o)
                0x08003454                ai_platform_runtime_get_revision
 .text.ai_platform_runtime_get_version
                0x0800345c       0x30 ../Middlewares/ST/AI/Lib/NetworkRuntime910_CM7_GCC.a(ai_platform_interface.o)
                0x0800345c                ai_platform_runtime_get_version
 .text.ai_platform_api_get_version
                0x0800348c       0x30 ../Middlewares/ST/AI/Lib/NetworkRuntime910_CM7_GCC.a(ai_platform_interface.o)
                0x0800348c                ai_platform_api_get_version
 .text.ai_platform_interface_api_get_version
                0x080034bc       0x30 ../Middlewares/ST/AI/Lib/NetworkRuntime910_CM7_GCC.a(ai_platform_interface.o)
                0x080034bc                ai_platform_interface_api_get_version
 .text.ai_platform_context_acquire
                0x080034ec       0x10 ../Middlewares/ST/AI/Lib/NetworkRuntime910_CM7_GCC.a(ai_platform_interface.o)
                0x080034ec                ai_platform_context_acquire
 .text.ai_platform_network_get_error
                0x080034fc       0x18 ../Middlewares/ST/AI/Lib/NetworkRuntime910_CM7_GCC.a(ai_platform_interface.o)
                0x080034fc                ai_platform_network_get_error
 .text.ai_platform_network_set_error
                0x08003514        0xc ../Middlewares/ST/AI/Lib/NetworkRuntime910_CM7_GCC.a(ai_platform_interface.o)
                0x08003514                ai_platform_network_set_error
 .text.ai_platform_api_get_network_report
                0x08003520      0x394 ../Middlewares/ST/AI/Lib/NetworkRuntime910_CM7_GCC.a(ai_platform_interface.o)
                0x08003520                ai_platform_api_get_network_report
 .text.ai_platform_network_create
                0x080038b4       0x84 ../Middlewares/ST/AI/Lib/NetworkRuntime910_CM7_GCC.a(ai_platform_interface.o)
                0x080038b4                ai_platform_network_create
 .text.ai_platform_network_init
                0x08003938      0x180 ../Middlewares/ST/AI/Lib/NetworkRuntime910_CM7_GCC.a(ai_platform_interface.o)
                0x08003938                ai_platform_network_init
 .text.ai_platform_network_post_init
                0x08003ab8       0x60 ../Middlewares/ST/AI/Lib/NetworkRuntime910_CM7_GCC.a(ai_platform_interface.o)
                0x08003ab8                ai_platform_network_post_init
 .text.ai_platform_network_process
                0x08003b18      0x48c ../Middlewares/ST/AI/Lib/NetworkRuntime910_CM7_GCC.a(ai_platform_interface.o)
                0x08003b18                ai_platform_network_process
 .text.core_init
                0x08003fa4        0x4 ../Middlewares/ST/AI/Lib/NetworkRuntime910_CM7_GCC.a(core_common.o)
                0x08003fa4                core_init
 .text.core_get_error
                0x08003fa8        0xc ../Middlewares/ST/AI/Lib/NetworkRuntime910_CM7_GCC.a(core_common.o)
                0x08003fa8                core_get_error
 .text.core_set_error
                0x08003fb4       0x18 ../Middlewares/ST/AI/Lib/NetworkRuntime910_CM7_GCC.a(core_common.o)
                0x08003fb4                core_set_error
 .text.ai_check_custom_types
                0x08003fcc       0x50 ../Middlewares/ST/AI/Lib/NetworkRuntime910_CM7_GCC.a(layers.o)
                0x08003fcc                ai_check_custom_types
 .text.ai_layers_init_all
                0x0800401c       0x1c ../Middlewares/ST/AI/Lib/NetworkRuntime910_CM7_GCC.a(layers.o)
                0x0800401c                ai_layers_init_all
 .text.ai_layers_post_init_all
                0x08004038       0x28 ../Middlewares/ST/AI/Lib/NetworkRuntime910_CM7_GCC.a(layers.o)
                0x08004038                ai_layers_post_init_all
 .text.ai_layers_forward_all
                0x08004060       0x90 ../Middlewares/ST/AI/Lib/NetworkRuntime910_CM7_GCC.a(layers.o)
                0x08004060                ai_layers_forward_all
 .text.forward_dense_integer_SSSA_ch
                0x080040f0      0x2b4 ../Middlewares/ST/AI/Lib/NetworkRuntime910_CM7_GCC.a(layers_conv2d_stm32_integer.o)
                0x080040f0                forward_dense_integer_SSSA_ch
 .text.align_factor_ch
                0x080043a4       0x60 ../Middlewares/ST/AI/Lib/NetworkRuntime910_CM7_GCC.a(st_align_factor.o)
                0x080043a4                align_factor_ch
 .text.st_sssa8_ch_fully_connected
                0x08004404      0x530 ../Middlewares/ST/AI/Lib/NetworkRuntime910_CM7_GCC.a(st_sssa8_ch_dense.o)
                0x08004404                st_sssa8_ch_fully_connected
 .text.st_int8_copy
                0x08004934      0x110 ../Middlewares/ST/AI/Lib/NetworkRuntime910_CM7_GCC.a(st_int8_fill.o)
                0x08004934                st_int8_copy
 .text.st_int8_reordered_no_shift_zero
                0x08004a44       0x6c ../Middlewares/ST/AI/Lib/NetworkRuntime910_CM7_GCC.a(st_int8_reordered_no_shift.o)
                0x08004a44                st_int8_reordered_no_shift_zero
 .text.ai_array_to_buffer_fmt
                0x08004ab0       0xe0 ../Middlewares/ST/AI/Lib/NetworkRuntime910_CM7_GCC.a(ai_datatypes_format.o)
                0x08004ab0                ai_array_to_buffer_fmt
 .text.ai_array_get_data_byte_size
                0x08004b90       0x24 ../Middlewares/ST/AI/Lib/NetworkRuntime910_CM7_GCC.a(ai_datatypes_format.o)
                0x08004b90                ai_array_get_data_byte_size
 .text.ai_version_get
                0x08004bb4        0xc ../Middlewares/ST/AI/Lib/NetworkRuntime910_CM7_GCC.a(ai_datatypes_internal.o)
                0x08004bb4                ai_version_get
 .text.ai_platform_version_get
                0x08004bc0       0x24 ../Middlewares/ST/AI/Lib/NetworkRuntime910_CM7_GCC.a(ai_datatypes_internal.o)
                0x08004bc0                ai_platform_version_get
 .text.get_tensor_byte_size
                0x08004be4       0x2c ../Middlewares/ST/AI/Lib/NetworkRuntime910_CM7_GCC.a(ai_datatypes_internal.o)
                0x08004be4                get_tensor_byte_size
 .text.__cvt    0x08004c10       0xa8 /Applications/STM32CubeIDE.app/Contents/Eclipse/plugins/com.st.stm32cube.ide.mcu.externaltools.gnu-tools-for-stm32.12.3.rel1.macos64_1.0.200.202406191456/tools/bin/../lib/gcc/arm-none-eabi/12.3.1/../../../../arm-none-eabi/lib/thumb/v7e-m+dp/hard/libc_nano.a(libc_a-nano-vfprintf_float.o)
                0x08004c10                __cvt
 .text.__exponent
                0x08004cb8       0x74 /Applications/STM32CubeIDE.app/Contents/Eclipse/plugins/com.st.stm32cube.ide.mcu.externaltools.gnu-tools-for-stm32.12.3.rel1.macos64_1.0.200.202406191456/tools/bin/../lib/gcc/arm-none-eabi/12.3.1/../../../../arm-none-eabi/lib/thumb/v7e-m+dp/hard/libc_nano.a(libc_a-nano-vfprintf_float.o)
                0x08004cb8                __exponent
 *fill*         0x08004d2c        0x4 
 .text._printf_float
                0x08004d30      0x434 /Applications/STM32CubeIDE.app/Contents/Eclipse/plugins/com.st.stm32cube.ide.mcu.externaltools.gnu-tools-for-stm32.12.3.rel1.macos64_1.0.200.202406191456/tools/bin/../lib/gcc/arm-none-eabi/12.3.1/../../../../arm-none-eabi/lib/thumb/v7e-m+dp/hard/libc_nano.a(libc_a-nano-vfprintf_float.o)
                0x08004d30                _printf_float
 .text.malloc   0x08005164       0x10 /Applications/STM32CubeIDE.app/Contents/Eclipse/plugins/com.st.stm32cube.ide.mcu.externaltools.gnu-tools-for-stm32.12.3.rel1.macos64_1.0.200.202406191456/tools/bin/../lib/gcc/arm-none-eabi/12.3.1/../../../../arm-none-eabi/lib/thumb/v7e-m+dp/hard/libc_nano.a(libc_a-malloc.o)
                0x08005164                malloc
 .text.sbrk_aligned
                0x08005174       0x44 /Applications/STM32CubeIDE.app/Contents/Eclipse/plugins/com.st.stm32cube.ide.mcu.externaltools.gnu-tools-for-stm32.12.3.rel1.macos64_1.0.200.202406191456/tools/bin/../lib/gcc/arm-none-eabi/12.3.1/../../../../arm-none-eabi/lib/thumb/v7e-m+dp/hard/libc_nano.a(libc_a-mallocr.o)
 .text._malloc_r
                0x080051b8      0x100 /Applications/STM32CubeIDE.app/Contents/Eclipse/plugins/com.st.stm32cube.ide.mcu.externaltools.gnu-tools-for-stm32.12.3.rel1.macos64_1.0.200.202406191456/tools/bin/../lib/gcc/arm-none-eabi/12.3.1/../../../../arm-none-eabi/lib/thumb/v7e-m+dp/hard/libc_nano.a(libc_a-mallocr.o)
                0x080051b8                _malloc_r
 .text._printf_common
                0x080052b8       0xda /Applications/STM32CubeIDE.app/Contents/Eclipse/plugins/com.st.stm32cube.ide.mcu.externaltools.gnu-tools-for-stm32.12.3.rel1.macos64_1.0.200.202406191456/tools/bin/../lib/gcc/arm-none-eabi/12.3.1/../../../../arm-none-eabi/lib/thumb/v7e-m+dp/hard/libc_nano.a(libc_a-nano-vfprintf_i.o)
                0x080052b8                _printf_common
 *fill*         0x08005392        0x2 
 .text._printf_i
                0x08005394      0x240 /Applications/STM32CubeIDE.app/Contents/Eclipse/plugins/com.st.stm32cube.ide.mcu.externaltools.gnu-tools-for-stm32.12.3.rel1.macos64_1.0.200.202406191456/tools/bin/../lib/gcc/arm-none-eabi/12.3.1/../../../../arm-none-eabi/lib/thumb/v7e-m+dp/hard/libc_nano.a(libc_a-nano-vfprintf_i.o)
                0x08005394                _printf_i
 .text.__sflush_r
                0x080055d4      0x108 /Applications/STM32CubeIDE.app/Contents/Eclipse/plugins/com.st.stm32cube.ide.mcu.externaltools.gnu-tools-for-stm32.12.3.rel1.macos64_1.0.200.202406191456/tools/bin/../lib/gcc/arm-none-eabi/12.3.1/../../../../arm-none-eabi/lib/thumb/v7e-m+dp/hard/libc_nano.a(libc_a-fflush.o)
                0x080055d4                __sflush_r
 .text._fflush_r
                0x080056dc       0x50 /Applications/STM32CubeIDE.app/Contents/Eclipse/plugins/com.st.stm32cube.ide.mcu.externaltools.gnu-tools-for-stm32.12.3.rel1.macos64_1.0.200.202406191456/tools/bin/../lib/gcc/arm-none-eabi/12.3.1/../../../../arm-none-eabi/lib/thumb/v7e-m+dp/hard/libc_nano.a(libc_a-fflush.o)
                0x080056dc                _fflush_r
 .text.__malloc_lock
                0x0800572c        0xc /Applications/STM32CubeIDE.app/Contents/Eclipse/plugins/com.st.stm32cube.ide.mcu.externaltools.gnu-tools-for-stm32.12.3.rel1.macos64_1.0.200.202406191456/tools/bin/../lib/gcc/arm-none-eabi/12.3.1/../../../../arm-none-eabi/lib/thumb/v7e-m+dp/hard/libc_nano.a(libc_a-mlock.o)
                0x0800572c                __malloc_lock
 .text.__malloc_unlock
                0x08005738        0xc /Applications/STM32CubeIDE.app/Contents/Eclipse/plugins/com.st.stm32cube.ide.mcu.externaltools.gnu-tools-for-stm32.12.3.rel1.macos64_1.0.200.202406191456/tools/bin/../lib/gcc/arm-none-eabi/12.3.1/../../../../arm-none-eabi/lib/thumb/v7e-m+dp/hard/libc_nano.a(libc_a-mlock.o)
                0x08005738                __malloc_unlock
 .text.sprintf  0x08005744       0x40 /Applications/STM32CubeIDE.app/Contents/Eclipse/plugins/com.st.stm32cube.ide.mcu.externaltools.gnu-tools-for-stm32.12.3.rel1.macos64_1.0.200.202406191456/tools/bin/../lib/gcc/arm-none-eabi/12.3.1/../../../../arm-none-eabi/lib/thumb/v7e-m+dp/hard/libc_nano.a(libc_a-sprintf.o)
                0x08005744                sprintf
                0x08005744                siprintf
 .text.std      0x08005784       0x6c /Applications/STM32CubeIDE.app/Contents/Eclipse/plugins/com.st.stm32cube.ide.mcu.externaltools.gnu-tools-for-stm32.12.3.rel1.macos64_1.0.200.202406191456/tools/bin/../lib/gcc/arm-none-eabi/12.3.1/../../../../arm-none-eabi/lib/thumb/v7e-m+dp/hard/libc_nano.a(libc_a-findfp.o)
 .text.stdio_exit_handler
                0x080057f0       0x18 /Applications/STM32CubeIDE.app/Contents/Eclipse/plugins/com.st.stm32cube.ide.mcu.externaltools.gnu-tools-for-stm32.12.3.rel1.macos64_1.0.200.202406191456/tools/bin/../lib/gcc/arm-none-eabi/12.3.1/../../../../arm-none-eabi/lib/thumb/v7e-m+dp/hard/libc_nano.a(libc_a-findfp.o)
 .text.cleanup_stdio
                0x08005808       0x40 /Applications/STM32CubeIDE.app/Contents/Eclipse/plugins/com.st.stm32cube.ide.mcu.externaltools.gnu-tools-for-stm32.12.3.rel1.macos64_1.0.200.202406191456/tools/bin/../lib/gcc/arm-none-eabi/12.3.1/../../../../arm-none-eabi/lib/thumb/v7e-m+dp/hard/libc_nano.a(libc_a-findfp.o)
 .text.global_stdio_init.part.0
                0x08005848       0x3c /Applications/STM32CubeIDE.app/Contents/Eclipse/plugins/com.st.stm32cube.ide.mcu.externaltools.gnu-tools-for-stm32.12.3.rel1.macos64_1.0.200.202406191456/tools/bin/../lib/gcc/arm-none-eabi/12.3.1/../../../../arm-none-eabi/lib/thumb/v7e-m+dp/hard/libc_nano.a(libc_a-findfp.o)
 .text.__sfp_lock_acquire
                0x08005884        0xc /Applications/STM32CubeIDE.app/Contents/Eclipse/plugins/com.st.stm32cube.ide.mcu.externaltools.gnu-tools-for-stm32.12.3.rel1.macos64_1.0.200.202406191456/tools/bin/../lib/gcc/arm-none-eabi/12.3.1/../../../../arm-none-eabi/lib/thumb/v7e-m+dp/hard/libc_nano.a(libc_a-findfp.o)
                0x08005884                __sfp_lock_acquire
 .text.__sfp_lock_release
                0x08005890        0xc /Applications/STM32CubeIDE.app/Contents/Eclipse/plugins/com.st.stm32cube.ide.mcu.externaltools.gnu-tools-for-stm32.12.3.rel1.macos64_1.0.200.202406191456/tools/bin/../lib/gcc/arm-none-eabi/12.3.1/../../../../arm-none-eabi/lib/thumb/v7e-m+dp/hard/libc_nano.a(libc_a-findfp.o)
                0x08005890                __sfp_lock_release
 .text.__sinit  0x0800589c       0x30 /Applications/STM32CubeIDE.app/Contents/Eclipse/plugins/com.st.stm32cube.ide.mcu.externaltools.gnu-tools-for-stm32.12.3.rel1.macos64_1.0.200.202406191456/tools/bin/../lib/gcc/arm-none-eabi/12.3.1/../../../../arm-none-eabi/lib/thumb/v7e-m+dp/hard/libc_nano.a(libc_a-findfp.o)
                0x0800589c                __sinit
 .text._realloc_r
                0x080058cc       0x5c /Applications/STM32CubeIDE.app/Contents/Eclipse/plugins/com.st.stm32cube.ide.mcu.externaltools.gnu-tools-for-stm32.12.3.rel1.macos64_1.0.200.202406191456/tools/bin/../lib/gcc/arm-none-eabi/12.3.1/../../../../arm-none-eabi/lib/thumb/v7e-m+dp/hard/libc_nano.a(libc_a-reallocr.o)
                0x080058cc                _realloc_r
 .text._fwalk_sglue
                0x08005928       0x3c /Applications/STM32CubeIDE.app/Contents/Eclipse/plugins/com.st.stm32cube.ide.mcu.externaltools.gnu-tools-for-stm32.12.3.rel1.macos64_1.0.200.202406191456/tools/bin/../lib/gcc/arm-none-eabi/12.3.1/../../../../arm-none-eabi/lib/thumb/v7e-m+dp/hard/libc_nano.a(libc_a-fwalk.o)
                0x08005928                _fwalk_sglue
 .text.memset   0x08005964       0x10 /Applications/STM32CubeIDE.app/Contents/Eclipse/plugins/com.st.stm32cube.ide.mcu.externaltools.gnu-tools-for-stm32.12.3.rel1.macos64_1.0.200.202406191456/tools/bin/../lib/gcc/arm-none-eabi/12.3.1/../../../../arm-none-eabi/lib/thumb/v7e-m+dp/hard/libc_nano.a(libc_a-memset.o)
                0x08005964                memset
 .text._localeconv_r
                0x08005974        0x8 /Applications/STM32CubeIDE.app/Contents/Eclipse/plugins/com.st.stm32cube.ide.mcu.externaltools.gnu-tools-for-stm32.12.3.rel1.macos64_1.0.200.202406191456/tools/bin/../lib/gcc/arm-none-eabi/12.3.1/../../../../arm-none-eabi/lib/thumb/v7e-m+dp/hard/libc_nano.a(libc_a-localeconv.o)
                0x08005974                _localeconv_r
 .text._sbrk_r  0x0800597c       0x20 /Applications/STM32CubeIDE.app/Contents/Eclipse/plugins/com.st.stm32cube.ide.mcu.externaltools.gnu-tools-for-stm32.12.3.rel1.macos64_1.0.200.202406191456/tools/bin/../lib/gcc/arm-none-eabi/12.3.1/../../../../arm-none-eabi/lib/thumb/v7e-m+dp/hard/libc_nano.a(libc_a-sbrkr.o)
                0x0800597c                _sbrk_r
 .text.__errno  0x0800599c        0xc /Applications/STM32CubeIDE.app/Contents/Eclipse/plugins/com.st.stm32cube.ide.mcu.externaltools.gnu-tools-for-stm32.12.3.rel1.macos64_1.0.200.202406191456/tools/bin/../lib/gcc/arm-none-eabi/12.3.1/../../../../arm-none-eabi/lib/thumb/v7e-m+dp/hard/libc_nano.a(libc_a-errno.o)
                0x0800599c                __errno
 .text.__libc_init_array
                0x080059a8       0x48 /Applications/STM32CubeIDE.app/Contents/Eclipse/plugins/com.st.stm32cube.ide.mcu.externaltools.gnu-tools-for-stm32.12.3.rel1.macos64_1.0.200.202406191456/tools/bin/../lib/gcc/arm-none-eabi/12.3.1/../../../../arm-none-eabi/lib/thumb/v7e-m+dp/hard/libc_nano.a(libc_a-init.o)
                0x080059a8                __libc_init_array
 .text.__retarget_lock_init_recursive
                0x080059f0        0x2 /Applications/STM32CubeIDE.app/Contents/Eclipse/plugins/com.st.stm32cube.ide.mcu.externaltools.gnu-tools-for-stm32.12.3.rel1.macos64_1.0.200.202406191456/tools/bin/../lib/gcc/arm-none-eabi/12.3.1/../../../../arm-none-eabi/lib/thumb/v7e-m+dp/hard/libc_nano.a(libc_a-lock.o)
                0x080059f0                __retarget_lock_init_recursive
 .text.__retarget_lock_acquire_recursive
                0x080059f2        0x2 /Applications/STM32CubeIDE.app/Contents/Eclipse/plugins/com.st.stm32cube.ide.mcu.externaltools.gnu-tools-for-stm32.12.3.rel1.macos64_1.0.200.202406191456/tools/bin/../lib/gcc/arm-none-eabi/12.3.1/../../../../arm-none-eabi/lib/thumb/v7e-m+dp/hard/libc_nano.a(libc_a-lock.o)
                0x080059f2                __retarget_lock_acquire_recursive
 .text.__retarget_lock_release_recursive
                0x080059f4        0x2 /Applications/STM32CubeIDE.app/Contents/Eclipse/plugins/com.st.stm32cube.ide.mcu.externaltools.gnu-tools-for-stm32.12.3.rel1.macos64_1.0.200.202406191456/tools/bin/../lib/gcc/arm-none-eabi/12.3.1/../../../../arm-none-eabi/lib/thumb/v7e-m+dp/hard/libc_nano.a(libc_a-lock.o)
                0x080059f4                __retarget_lock_release_recursive
 .text.memcpy   0x080059f6       0x1c /Applications/STM32CubeIDE.app/Contents/Eclipse/plugins/com.st.stm32cube.ide.mcu.externaltools.gnu-tools-for-stm32.12.3.rel1.macos64_1.0.200.202406191456/tools/bin/../lib/gcc/arm-none-eabi/12.3.1/../../../../arm-none-eabi/lib/thumb/v7e-m+dp/hard/libc_nano.a(libc_a-memcpy-stub.o)
                0x080059f6                memcpy
 *fill*         0x08005a12        0x2 
 .text.__assert_func
                0x08005a14       0x3c /Applications/STM32CubeIDE.app/Contents/Eclipse/plugins/com.st.stm32cube.ide.mcu.externaltools.gnu-tools-for-stm32.12.3.rel1.macos64_1.0.200.202406191456/tools/bin/../lib/gcc/arm-none-eabi/12.3.1/../../../../arm-none-eabi/lib/thumb/v7e-m+dp/hard/libc_nano.a(libc_a-assert.o)
                0x08005a14                __assert_func
 .text.quorem   0x08005a50      0x110 /Applications/STM32CubeIDE.app/Contents/Eclipse/plugins/com.st.stm32cube.ide.mcu.externaltools.gnu-tools-for-stm32.12.3.rel1.macos64_1.0.200.202406191456/tools/bin/../lib/gcc/arm-none-eabi/12.3.1/../../../../arm-none-eabi/lib/thumb/v7e-m+dp/hard/libc_nano.a(libc_a-dtoa.o)
 .text._dtoa_r  0x08005b60      0xaac /Applications/STM32CubeIDE.app/Contents/Eclipse/plugins/com.st.stm32cube.ide.mcu.externaltools.gnu-tools-for-stm32.12.3.rel1.macos64_1.0.200.202406191456/tools/bin/../lib/gcc/arm-none-eabi/12.3.1/../../../../arm-none-eabi/lib/thumb/v7e-m+dp/hard/libc_nano.a(libc_a-dtoa.o)
                0x08005b60                _dtoa_r
 .text._free_r  0x0800660c       0x94 /Applications/STM32CubeIDE.app/Contents/Eclipse/plugins/com.st.stm32cube.ide.mcu.externaltools.gnu-tools-for-stm32.12.3.rel1.macos64_1.0.200.202406191456/tools/bin/../lib/gcc/arm-none-eabi/12.3.1/../../../../arm-none-eabi/lib/thumb/v7e-m+dp/hard/libc_nano.a(libc_a-freer.o)
                0x0800660c                _free_r
 .text.__ssputs_r
                0x080066a0       0xb6 /Applications/STM32CubeIDE.app/Contents/Eclipse/plugins/com.st.stm32cube.ide.mcu.externaltools.gnu-tools-for-stm32.12.3.rel1.macos64_1.0.200.202406191456/tools/bin/../lib/gcc/arm-none-eabi/12.3.1/../../../../arm-none-eabi/lib/thumb/v7e-m+dp/hard/libc_nano.a(libc_a-nano-svfprintf.o)
                0x080066a0                __ssputs_r
 *fill*         0x08006756        0x2 
 .text._svfprintf_r
                0x08006758      0x1f8 /Applications/STM32CubeIDE.app/Contents/Eclipse/plugins/com.st.stm32cube.ide.mcu.externaltools.gnu-tools-for-stm32.12.3.rel1.macos64_1.0.200.202406191456/tools/bin/../lib/gcc/arm-none-eabi/12.3.1/../../../../arm-none-eabi/lib/thumb/v7e-m+dp/hard/libc_nano.a(libc_a-nano-svfprintf.o)
                0x08006758                _svfprintf_r
                0x08006758                _svfiprintf_r
 .text._Balloc  0x08006950       0x80 /Applications/STM32CubeIDE.app/Contents/Eclipse/plugins/com.st.stm32cube.ide.mcu.externaltools.gnu-tools-for-stm32.12.3.rel1.macos64_1.0.200.202406191456/tools/bin/../lib/gcc/arm-none-eabi/12.3.1/../../../../arm-none-eabi/lib/thumb/v7e-m+dp/hard/libc_nano.a(libc_a-mprec.o)
                0x08006950                _Balloc
 .text._Bfree   0x080069d0       0x44 /Applications/STM32CubeIDE.app/Contents/Eclipse/plugins/com.st.stm32cube.ide.mcu.externaltools.gnu-tools-for-stm32.12.3.rel1.macos64_1.0.200.202406191456/tools/bin/../lib/gcc/arm-none-eabi/12.3.1/../../../../arm-none-eabi/lib/thumb/v7e-m+dp/hard/libc_nano.a(libc_a-mprec.o)
                0x080069d0                _Bfree
 .text.__multadd
                0x08006a14       0x8c /Applications/STM32CubeIDE.app/Contents/Eclipse/plugins/com.st.stm32cube.ide.mcu.externaltools.gnu-tools-for-stm32.12.3.rel1.macos64_1.0.200.202406191456/tools/bin/../lib/gcc/arm-none-eabi/12.3.1/../../../../arm-none-eabi/lib/thumb/v7e-m+dp/hard/libc_nano.a(libc_a-mprec.o)
                0x08006a14                __multadd
 .text.__hi0bits
                0x08006aa0       0x3e /Applications/STM32CubeIDE.app/Contents/Eclipse/plugins/com.st.stm32cube.ide.mcu.externaltools.gnu-tools-for-stm32.12.3.rel1.macos64_1.0.200.202406191456/tools/bin/../lib/gcc/arm-none-eabi/12.3.1/../../../../arm-none-eabi/lib/thumb/v7e-m+dp/hard/libc_nano.a(libc_a-mprec.o)
                0x08006aa0                __hi0bits
 .text.__lo0bits
                0x08006ade       0x5a /Applications/STM32CubeIDE.app/Contents/Eclipse/plugins/com.st.stm32cube.ide.mcu.externaltools.gnu-tools-for-stm32.12.3.rel1.macos64_1.0.200.202406191456/tools/bin/../lib/gcc/arm-none-eabi/12.3.1/../../../../arm-none-eabi/lib/thumb/v7e-m+dp/hard/libc_nano.a(libc_a-mprec.o)
                0x08006ade                __lo0bits
 .text.__i2b    0x08006b38       0x2c /Applications/STM32CubeIDE.app/Contents/Eclipse/plugins/com.st.stm32cube.ide.mcu.externaltools.gnu-tools-for-stm32.12.3.rel1.macos64_1.0.200.202406191456/tools/bin/../lib/gcc/arm-none-eabi/12.3.1/../../../../arm-none-eabi/lib/thumb/v7e-m+dp/hard/libc_nano.a(libc_a-mprec.o)
                0x08006b38                __i2b
 .text.__multiply
                0x08006b64      0x154 /Applications/STM32CubeIDE.app/Contents/Eclipse/plugins/com.st.stm32cube.ide.mcu.externaltools.gnu-tools-for-stm32.12.3.rel1.macos64_1.0.200.202406191456/tools/bin/../lib/gcc/arm-none-eabi/12.3.1/../../../../arm-none-eabi/lib/thumb/v7e-m+dp/hard/libc_nano.a(libc_a-mprec.o)
                0x08006b64                __multiply
 .text.__pow5mult
                0x08006cb8       0xb4 /Applications/STM32CubeIDE.app/Contents/Eclipse/plugins/com.st.stm32cube.ide.mcu.externaltools.gnu-tools-for-stm32.12.3.rel1.macos64_1.0.200.202406191456/tools/bin/../lib/gcc/arm-none-eabi/12.3.1/../../../../arm-none-eabi/lib/thumb/v7e-m+dp/hard/libc_nano.a(libc_a-mprec.o)
                0x08006cb8                __pow5mult
 .text.__lshift
                0x08006d6c       0xd8 /Applications/STM32CubeIDE.app/Contents/Eclipse/plugins/com.st.stm32cube.ide.mcu.externaltools.gnu-tools-for-stm32.12.3.rel1.macos64_1.0.200.202406191456/tools/bin/../lib/gcc/arm-none-eabi/12.3.1/../../../../arm-none-eabi/lib/thumb/v7e-m+dp/hard/libc_nano.a(libc_a-mprec.o)
                0x08006d6c                __lshift
 .text.__mcmp   0x08006e44       0x36 /Applications/STM32CubeIDE.app/Contents/Eclipse/plugins/com.st.stm32cube.ide.mcu.externaltools.gnu-tools-for-stm32.12.3.rel1.macos64_1.0.200.202406191456/tools/bin/../lib/gcc/arm-none-eabi/12.3.1/../../../../arm-none-eabi/lib/thumb/v7e-m+dp/hard/libc_nano.a(libc_a-mprec.o)
                0x08006e44                __mcmp
 *fill*         0x08006e7a        0x2 
 .text.__mdiff  0x08006e7c      0x128 /Applications/STM32CubeIDE.app/Contents/Eclipse/plugins/com.st.stm32cube.ide.mcu.externaltools.gnu-tools-for-stm32.12.3.rel1.macos64_1.0.200.202406191456/tools/bin/../lib/gcc/arm-none-eabi/12.3.1/../../../../arm-none-eabi/lib/thumb/v7e-m+dp/hard/libc_nano.a(libc_a-mprec.o)
                0x08006e7c                __mdiff
 .text.__d2b    0x08006fa4       0xb0 /Applications/STM32CubeIDE.app/Contents/Eclipse/plugins/com.st.stm32cube.ide.mcu.externaltools.gnu-tools-for-stm32.12.3.rel1.macos64_1.0.200.202406191456/tools/bin/../lib/gcc/arm-none-eabi/12.3.1/../../../../arm-none-eabi/lib/thumb/v7e-m+dp/hard/libc_nano.a(libc_a-mprec.o)
                0x08006fa4                __d2b
 .text._malloc_usable_size_r
                0x08007054       0x10 /Applications/STM32CubeIDE.app/Contents/Eclipse/plugins/com.st.stm32cube.ide.mcu.externaltools.gnu-tools-for-stm32.12.3.rel1.macos64_1.0.200.202406191456/tools/bin/../lib/gcc/arm-none-eabi/12.3.1/../../../../arm-none-eabi/lib/thumb/v7e-m+dp/hard/libc_nano.a(libc_a-msizer.o)
                0x08007054                _malloc_usable_size_r
 .text.__sread  0x08007064       0x22 /Applications/STM32CubeIDE.app/Contents/Eclipse/plugins/com.st.stm32cube.ide.mcu.externaltools.gnu-tools-for-stm32.12.3.rel1.macos64_1.0.200.202406191456/tools/bin/../lib/gcc/arm-none-eabi/12.3.1/../../../../arm-none-eabi/lib/thumb/v7e-m+dp/hard/libc_nano.a(libc_a-stdio.o)
                0x08007064                __sread
 .text.__swrite
                0x08007086       0x38 /Applications/STM32CubeIDE.app/Contents/Eclipse/plugins/com.st.stm32cube.ide.mcu.externaltools.gnu-tools-for-stm32.12.3.rel1.macos64_1.0.200.202406191456/tools/bin/../lib/gcc/arm-none-eabi/12.3.1/../../../../arm-none-eabi/lib/thumb/v7e-m+dp/hard/libc_nano.a(libc_a-stdio.o)
                0x08007086                __swrite
 .text.__sseek  0x080070be       0x24 /Applications/STM32CubeIDE.app/Contents/Eclipse/plugins/com.st.stm32cube.ide.mcu.externaltools.gnu-tools-for-stm32.12.3.rel1.macos64_1.0.200.202406191456/tools/bin/../lib/gcc/arm-none-eabi/12.3.1/../../../../arm-none-eabi/lib/thumb/v7e-m+dp/hard/libc_nano.a(libc_a-stdio.o)
                0x080070be                __sseek
 .text.__sclose
                0x080070e2        0x8 /Applications/STM32CubeIDE.app/Contents/Eclipse/plugins/com.st.stm32cube.ide.mcu.externaltools.gnu-tools-for-stm32.12.3.rel1.macos64_1.0.200.202406191456/tools/bin/../lib/gcc/arm-none-eabi/12.3.1/../../../../arm-none-eabi/lib/thumb/v7e-m+dp/hard/libc_nano.a(libc_a-stdio.o)
                0x080070e2                __sclose
 *fill*         0x080070ea        0x2 
 .text.fprintf  0x080070ec       0x24 /Applications/STM32CubeIDE.app/Contents/Eclipse/plugins/com.st.stm32cube.ide.mcu.externaltools.gnu-tools-for-stm32.12.3.rel1.macos64_1.0.200.202406191456/tools/bin/../lib/gcc/arm-none-eabi/12.3.1/../../../../arm-none-eabi/lib/thumb/v7e-m+dp/hard/libc_nano.a(libc_a-fprintf.o)
                0x080070ec                fprintf
                0x080070ec                fiprintf
 .text.memmove  0x08007110       0x34 /Applications/STM32CubeIDE.app/Contents/Eclipse/plugins/com.st.stm32cube.ide.mcu.externaltools.gnu-tools-for-stm32.12.3.rel1.macos64_1.0.200.202406191456/tools/bin/../lib/gcc/arm-none-eabi/12.3.1/../../../../arm-none-eabi/lib/thumb/v7e-m+dp/hard/libc_nano.a(libc_a-memmove.o)
                0x08007110                memmove
 .text._close_r
                0x08007144       0x20 /Applications/STM32CubeIDE.app/Contents/Eclipse/plugins/com.st.stm32cube.ide.mcu.externaltools.gnu-tools-for-stm32.12.3.rel1.macos64_1.0.200.202406191456/tools/bin/../lib/gcc/arm-none-eabi/12.3.1/../../../../arm-none-eabi/lib/thumb/v7e-m+dp/hard/libc_nano.a(libc_a-closer.o)
                0x08007144                _close_r
 .text._lseek_r
                0x08007164       0x24 /Applications/STM32CubeIDE.app/Contents/Eclipse/plugins/com.st.stm32cube.ide.mcu.externaltools.gnu-tools-for-stm32.12.3.rel1.macos64_1.0.200.202406191456/tools/bin/../lib/gcc/arm-none-eabi/12.3.1/../../../../arm-none-eabi/lib/thumb/v7e-m+dp/hard/libc_nano.a(libc_a-lseekr.o)
                0x08007164                _lseek_r
 .text._read_r  0x08007188       0x24 /Applications/STM32CubeIDE.app/Contents/Eclipse/plugins/com.st.stm32cube.ide.mcu.externaltools.gnu-tools-for-stm32.12.3.rel1.macos64_1.0.200.202406191456/tools/bin/../lib/gcc/arm-none-eabi/12.3.1/../../../../arm-none-eabi/lib/thumb/v7e-m+dp/hard/libc_nano.a(libc_a-readr.o)
                0x08007188                _read_r
 .text._write_r
                0x080071ac       0x24 /Applications/STM32CubeIDE.app/Contents/Eclipse/plugins/com.st.stm32cube.ide.mcu.externaltools.gnu-tools-for-stm32.12.3.rel1.macos64_1.0.200.202406191456/tools/bin/../lib/gcc/arm-none-eabi/12.3.1/../../../../arm-none-eabi/lib/thumb/v7e-m+dp/hard/libc_nano.a(libc_a-writer.o)
                0x080071ac                _write_r
 .text.abort    0x080071d0        0xe /Applications/STM32CubeIDE.app/Contents/Eclipse/plugins/com.st.stm32cube.ide.mcu.externaltools.gnu-tools-for-stm32.12.3.rel1.macos64_1.0.200.202406191456/tools/bin/../lib/gcc/arm-none-eabi/12.3.1/../../../../arm-none-eabi/lib/thumb/v7e-m+dp/hard/libc_nano.a(libc_a-abort.o)
                0x080071d0                abort
 .text._calloc_r
                0x080071de       0x28 /Applications/STM32CubeIDE.app/Contents/Eclipse/plugins/com.st.stm32cube.ide.mcu.externaltools.gnu-tools-for-stm32.12.3.rel1.macos64_1.0.200.202406191456/tools/bin/../lib/gcc/arm-none-eabi/12.3.1/../../../../arm-none-eabi/lib/thumb/v7e-m+dp/hard/libc_nano.a(libc_a-callocr.o)
                0x080071de                _calloc_r
 .text.__sfputc_r
                0x08007206       0x2e /Applications/STM32CubeIDE.app/Contents/Eclipse/plugins/com.st.stm32cube.ide.mcu.externaltools.gnu-tools-for-stm32.12.3.rel1.macos64_1.0.200.202406191456/tools/bin/../lib/gcc/arm-none-eabi/12.3.1/../../../../arm-none-eabi/lib/thumb/v7e-m+dp/hard/libc_nano.a(libc_a-nano-vfprintf.o)
 .text.__sfputs_r
                0x08007234       0x24 /Applications/STM32CubeIDE.app/Contents/Eclipse/plugins/com.st.stm32cube.ide.mcu.externaltools.gnu-tools-for-stm32.12.3.rel1.macos64_1.0.200.202406191456/tools/bin/../lib/gcc/arm-none-eabi/12.3.1/../../../../arm-none-eabi/lib/thumb/v7e-m+dp/hard/libc_nano.a(libc_a-nano-vfprintf.o)
                0x08007234                __sfputs_r
 .text._vfprintf_r
                0x08007258      0x230 /Applications/STM32CubeIDE.app/Contents/Eclipse/plugins/com.st.stm32cube.ide.mcu.externaltools.gnu-tools-for-stm32.12.3.rel1.macos64_1.0.200.202406191456/tools/bin/../lib/gcc/arm-none-eabi/12.3.1/../../../../arm-none-eabi/lib/thumb/v7e-m+dp/hard/libc_nano.a(libc_a-nano-vfprintf.o)
                0x08007258                _vfiprintf_r
                0x08007258                _vfprintf_r
 .text.__ascii_mbtowc
                0x08007488       0x24 /Applications/STM32CubeIDE.app/Contents/Eclipse/plugins/com.st.stm32cube.ide.mcu.externaltools.gnu-tools-for-stm32.12.3.rel1.macos64_1.0.200.202406191456/tools/bin/../lib/gcc/arm-none-eabi/12.3.1/../../../../arm-none-eabi/lib/thumb/v7e-m+dp/hard/libc_nano.a(libc_a-mbtowc_r.o)
                0x08007488                __ascii_mbtowc
 .text.__swbuf_r
                0x080074ac       0x7c /Applications/STM32CubeIDE.app/Contents/Eclipse/plugins/com.st.stm32cube.ide.mcu.externaltools.gnu-tools-for-stm32.12.3.rel1.macos64_1.0.200.202406191456/tools/bin/../lib/gcc/arm-none-eabi/12.3.1/../../../../arm-none-eabi/lib/thumb/v7e-m+dp/hard/libc_nano.a(libc_a-wbuf.o)
                0x080074ac                __swbuf_r
 .text.__swsetup_r
                0x08007528       0xac /Applications/STM32CubeIDE.app/Contents/Eclipse/plugins/com.st.stm32cube.ide.mcu.externaltools.gnu-tools-for-stm32.12.3.rel1.macos64_1.0.200.202406191456/tools/bin/../lib/gcc/arm-none-eabi/12.3.1/../../../../arm-none-eabi/lib/thumb/v7e-m+dp/hard/libc_nano.a(libc_a-wsetup.o)
                0x08007528                __swsetup_r
 .text.__ascii_wctomb
                0x080075d4       0x1a /Applications/STM32CubeIDE.app/Contents/Eclipse/plugins/com.st.stm32cube.ide.mcu.externaltools.gnu-tools-for-stm32.12.3.rel1.macos64_1.0.200.202406191456/tools/bin/../lib/gcc/arm-none-eabi/12.3.1/../../../../arm-none-eabi/lib/thumb/v7e-m+dp/hard/libc_nano.a(libc_a-wctomb_r.o)
                0x080075d4                __ascii_wctomb
 .text.__swhatbuf_r
                0x080075ee       0x4c /Applications/STM32CubeIDE.app/Contents/Eclipse/plugins/com.st.stm32cube.ide.mcu.externaltools.gnu-tools-for-stm32.12.3.rel1.macos64_1.0.200.202406191456/tools/bin/../lib/gcc/arm-none-eabi/12.3.1/../../../../arm-none-eabi/lib/thumb/v7e-m+dp/hard/libc_nano.a(libc_a-makebuf.o)
                0x080075ee                __swhatbuf_r
 .text.__smakebuf_r
                0x0800763a       0x78 /Applications/STM32CubeIDE.app/Contents/Eclipse/plugins/com.st.stm32cube.ide.mcu.externaltools.gnu-tools-for-stm32.12.3.rel1.macos64_1.0.200.202406191456/tools/bin/../lib/gcc/arm-none-eabi/12.3.1/../../../../arm-none-eabi/lib/thumb/v7e-m+dp/hard/libc_nano.a(libc_a-makebuf.o)
                0x0800763a                __smakebuf_r
 *fill*         0x080076b2        0x2 
 .text._fstat_r
                0x080076b4       0x24 /Applications/STM32CubeIDE.app/Contents/Eclipse/plugins/com.st.stm32cube.ide.mcu.externaltools.gnu-tools-for-stm32.12.3.rel1.macos64_1.0.200.202406191456/tools/bin/../lib/gcc/arm-none-eabi/12.3.1/../../../../arm-none-eabi/lib/thumb/v7e-m+dp/hard/libc_nano.a(libc_a-fstatr.o)
                0x080076b4                _fstat_r
 .text._isatty_r
                0x080076d8       0x20 /Applications/STM32CubeIDE.app/Contents/Eclipse/plugins/com.st.stm32cube.ide.mcu.externaltools.gnu-tools-for-stm32.12.3.rel1.macos64_1.0.200.202406191456/tools/bin/../lib/gcc/arm-none-eabi/12.3.1/../../../../arm-none-eabi/lib/thumb/v7e-m+dp/hard/libc_nano.a(libc_a-isattyr.o)
                0x080076d8                _isatty_r
 .text._raise_r
                0x080076f8       0x50 /Applications/STM32CubeIDE.app/Contents/Eclipse/plugins/com.st.stm32cube.ide.mcu.externaltools.gnu-tools-for-stm32.12.3.rel1.macos64_1.0.200.202406191456/tools/bin/../lib/gcc/arm-none-eabi/12.3.1/../../../../arm-none-eabi/lib/thumb/v7e-m+dp/hard/libc_nano.a(libc_a-signal.o)
                0x080076f8                _raise_r
 .text.raise    0x08007748       0x10 /Applications/STM32CubeIDE.app/Contents/Eclipse/plugins/com.st.stm32cube.ide.mcu.externaltools.gnu-tools-for-stm32.12.3.rel1.macos64_1.0.200.202406191456/tools/bin/../lib/gcc/arm-none-eabi/12.3.1/../../../../arm-none-eabi/lib/thumb/v7e-m+dp/hard/libc_nano.a(libc_a-signal.o)
                0x08007748                raise
 .text._kill_r  0x08007758       0x24 /Applications/STM32CubeIDE.app/Contents/Eclipse/plugins/com.st.stm32cube.ide.mcu.externaltools.gnu-tools-for-stm32.12.3.rel1.macos64_1.0.200.202406191456/tools/bin/../lib/gcc/arm-none-eabi/12.3.1/../../../../arm-none-eabi/lib/thumb/v7e-m+dp/hard/libc_nano.a(libc_a-signalr.o)
                0x08007758                _kill_r
 .text._getpid_r
                0x0800777c        0x4 /Applications/STM32CubeIDE.app/Contents/Eclipse/plugins/com.st.stm32cube.ide.mcu.externaltools.gnu-tools-for-stm32.12.3.rel1.macos64_1.0.200.202406191456/tools/bin/../lib/gcc/arm-none-eabi/12.3.1/../../../../arm-none-eabi/lib/thumb/v7e-m+dp/hard/libc_nano.a(libc_a-signalr.o)
                0x0800777c                _getpid_r
 *(.glue_7)
 .glue_7        0x08007780        0x0 linker stubs
 *(.glue_7t)
 .glue_7t       0x08007780        0x0 linker stubs
 *(.eh_frame)
 .eh_frame      0x08007780        0x0 /Applications/STM32CubeIDE.app/Contents/Eclipse/plugins/com.st.stm32cube.ide.mcu.externaltools.gnu-tools-for-stm32.12.3.rel1.macos64_1.0.200.202406191456/tools/bin/../lib/gcc/arm-none-eabi/12.3.1/thumb/v7e-m+dp/hard/crtbegin.o
 *(.init)
 .init          0x08007780        0x4 /Applications/STM32CubeIDE.app/Contents/Eclipse/plugins/com.st.stm32cube.ide.mcu.externaltools.gnu-tools-for-stm32.12.3.rel1.macos64_1.0.200.202406191456/tools/bin/../lib/gcc/arm-none-eabi/12.3.1/thumb/v7e-m+dp/hard/crti.o
                0x08007780                _init
 .init          0x08007784        0x8 /Applications/STM32CubeIDE.app/Contents/Eclipse/plugins/com.st.stm32cube.ide.mcu.externaltools.gnu-tools-for-stm32.12.3.rel1.macos64_1.0.200.202406191456/tools/bin/../lib/gcc/arm-none-eabi/12.3.1/thumb/v7e-m+dp/hard/crtn.o
 *(.fini)
 .fini          0x0800778c        0x4 /Applications/STM32CubeIDE.app/Contents/Eclipse/plugins/com.st.stm32cube.ide.mcu.externaltools.gnu-tools-for-stm32.12.3.rel1.macos64_1.0.200.202406191456/tools/bin/../lib/gcc/arm-none-eabi/12.3.1/thumb/v7e-m+dp/hard/crti.o
                0x0800778c                _fini
 .fini          0x08007790        0x8 /Applications/STM32CubeIDE.app/Contents/Eclipse/plugins/com.st.stm32cube.ide.mcu.externaltools.gnu-tools-for-stm32.12.3.rel1.macos64_1.0.200.202406191456/tools/bin/../lib/gcc/arm-none-eabi/12.3.1/thumb/v7e-m+dp/hard/crtn.o
                0x08007798                        . = ALIGN (0x4)
                0x08007798                        _etext = .

.vfp11_veneer   0x08007798        0x0
 .vfp11_veneer  0x08007798        0x0 linker stubs

.v4_bx          0x08007798        0x0
 .v4_bx         0x08007798        0x0 linker stubs

.iplt           0x08007798        0x0
 .iplt          0x08007798        0x0 /Applications/STM32CubeIDE.app/Contents/Eclipse/plugins/com.st.stm32cube.ide.mcu.externaltools.gnu-tools-for-stm32.12.3.rel1.macos64_1.0.200.202406191456/tools/bin/../lib/gcc/arm-none-eabi/12.3.1/thumb/v7e-m+dp/hard/crtbegin.o

.rodata         0x080077a0    0x2ea6c
                0x080077a0                        . = ALIGN (0x4)
 *(.rodata)
 .rodata        0x080077a0       0x20 ./Core/Src/main.o
 .rodata        0x080077c0       0x10 ../Middlewares/ST/AI/Lib/NetworkRuntime910_CM7_GCC.a(ai_platform_interface.o)
 *(.rodata*)
 .rodata.pa3_run_model_on_test_dataset.str1.1
                0x080077d0       0xbd ./Core/Src/main.o
                                 0xbf (size before relaxing)
 .rodata.main.str1.1
                0x0800788d       0x8c ./Core/Src/main.o
 .rodata.mnist_test_subset_labels
                0x08007919       0x64 ./Core/Src/main.o
                0x08007919                mnist_test_subset_labels
 .rodata.mnist_test_subset_quantized
                0x0800797d    0x13240 ./Core/Src/main.o
                0x0800797d                mnist_test_subset_quantized
 .rodata.APBPrescTable
                0x0801abbd        0x8 ./Core/Src/system_stm32f7xx.o
                0x0801abbd                APBPrescTable
 .rodata.AHBPrescTable
                0x0801abc5       0x10 ./Core/Src/system_stm32f7xx.o
                0x0801abc5                AHBPrescTable
 .rodata.flagBitshiftOffset.0
                0x0801abd5        0x8 ./Drivers/STM32F7xx_HAL_Driver/Src/stm32f7xx_hal_dma.o
 .rodata.ai_network_get_info.str1.1
                0x0801abdd       0x59 ./X-CUBE-AI/App/network.o
                                 0x5a (size before relaxing)
 *fill*         0x0801ac36        0x2 
 .rodata._Relu_output_0_chain
                0x0801ac38        0x8 ./X-CUBE-AI/App/network.o
 .rodata._Relu_1_output_0_chain
                0x0801ac40        0x8 ./X-CUBE-AI/App/network.o
 .rodata.output_QuantizeLinear_Input_chain
                0x0801ac48        0x8 ./X-CUBE-AI/App/network.o
 .rodata.input_output_array_intq
                0x0801ac50        0x8 ./X-CUBE-AI/App/network.o
 .rodata.__compound_literal.20
                0x0801ac58        0x8 ./X-CUBE-AI/App/network.o
 .rodata.__compound_literal.19
                0x0801ac60        0x1 ./X-CUBE-AI/App/network.o
 *fill*         0x0801ac61        0x3 
 .rodata.__compound_literal.18
                0x0801ac64        0x4 ./X-CUBE-AI/App/network.o
 .rodata.output_QuantizeLinear_Input_weights_array_intq
                0x0801ac68        0x8 ./X-CUBE-AI/App/network.o
 .rodata.__compound_literal.17
                0x0801ac70        0x8 ./X-CUBE-AI/App/network.o
 .rodata.__compound_literal.16
                0x0801ac78        0xa ./X-CUBE-AI/App/network.o
 *fill*         0x0801ac82        0x2 
 .rodata.__compound_literal.15
                0x0801ac84       0x28 ./X-CUBE-AI/App/network.o
 .rodata._Relu_1_output_0_weights_array_intq
                0x0801acac        0x8 ./X-CUBE-AI/App/network.o
 .rodata.__compound_literal.14
                0x0801acb4        0x8 ./X-CUBE-AI/App/network.o
 .rodata.__compound_literal.13
                0x0801acbc       0x40 ./X-CUBE-AI/App/network.o
 .rodata.__compound_literal.12
                0x0801acfc      0x100 ./X-CUBE-AI/App/network.o
 .rodata._Relu_output_0_weights_array_intq
                0x0801adfc        0x8 ./X-CUBE-AI/App/network.o
 .rodata.__compound_literal.11
                0x0801ae04        0x8 ./X-CUBE-AI/App/network.o
 .rodata.__compound_literal.10
                0x0801ae0c       0x80 ./X-CUBE-AI/App/network.o
 .rodata.__compound_literal.9
                0x0801ae8c      0x200 ./X-CUBE-AI/App/network.o
 .rodata.output_QuantizeLinear_Input_output_array_intq
                0x0801b08c        0x8 ./X-CUBE-AI/App/network.o
 .rodata.__compound_literal.8
                0x0801b094        0x8 ./X-CUBE-AI/App/network.o
 .rodata.__compound_literal.7
                0x0801b09c        0x1 ./X-CUBE-AI/App/network.o
 *fill*         0x0801b09d        0x3 
 .rodata.__compound_literal.6
                0x0801b0a0        0x4 ./X-CUBE-AI/App/network.o
 .rodata._Relu_1_output_0_output_array_intq
                0x0801b0a4        0x8 ./X-CUBE-AI/App/network.o
 .rodata.__compound_literal.5
                0x0801b0ac        0x8 ./X-CUBE-AI/App/network.o
 .rodata.__compound_literal.4
                0x0801b0b4        0x1 ./X-CUBE-AI/App/network.o
 *fill*         0x0801b0b5        0x3 
 .rodata.__compound_literal.3
                0x0801b0b8        0x4 ./X-CUBE-AI/App/network.o
 .rodata._Relu_output_0_output_array_intq
                0x0801b0bc        0x8 ./X-CUBE-AI/App/network.o
 .rodata.__compound_literal.2
                0x0801b0c4        0x8 ./X-CUBE-AI/App/network.o
 .rodata.__compound_literal.1
                0x0801b0cc        0x1 ./X-CUBE-AI/App/network.o
 *fill*         0x0801b0cd        0x3 
 .rodata.__compound_literal.0
                0x0801b0d0        0x4 ./X-CUBE-AI/App/network.o
 *fill*         0x0801b0d4        0xc 
 .rodata.s_network_weights_array_u64
                0x0801b0e0    0x1ada8 ./X-CUBE-AI/App/network_data_params.o
                0x0801b0e0                s_network_weights_array_u64
 .rodata.ai_platform_runtime_get_revision.str1.4
                0x08035e88        0x1 ../Middlewares/ST/AI/Lib/NetworkRuntime910_CM7_GCC.a(ai_platform_interface.o)
 *fill*         0x08035e89        0x3 
 .rodata.v.0    0x08035e8c        0x4 ../Middlewares/ST/AI/Lib/NetworkRuntime910_CM7_GCC.a(ai_platform_interface.o)
 .rodata.v.1    0x08035e90        0x4 ../Middlewares/ST/AI/Lib/NetworkRuntime910_CM7_GCC.a(ai_platform_interface.o)
 .rodata.v.2    0x08035e94        0x4 ../Middlewares/ST/AI/Lib/NetworkRuntime910_CM7_GCC.a(ai_platform_interface.o)
 .rodata._printf_float.str1.1
                0x08035e98       0x10 /Applications/STM32CubeIDE.app/Contents/Eclipse/plugins/com.st.stm32cube.ide.mcu.externaltools.gnu-tools-for-stm32.12.3.rel1.macos64_1.0.200.202406191456/tools/bin/../lib/gcc/arm-none-eabi/12.3.1/../../../../arm-none-eabi/lib/thumb/v7e-m+dp/hard/libc_nano.a(libc_a-nano-vfprintf_float.o)
                                 0x12 (size before relaxing)
 .rodata._printf_i.str1.1
                0x08035ea8       0x22 /Applications/STM32CubeIDE.app/Contents/Eclipse/plugins/com.st.stm32cube.ide.mcu.externaltools.gnu-tools-for-stm32.12.3.rel1.macos64_1.0.200.202406191456/tools/bin/../lib/gcc/arm-none-eabi/12.3.1/../../../../arm-none-eabi/lib/thumb/v7e-m+dp/hard/libc_nano.a(libc_a-nano-vfprintf_i.o)
 .rodata.__assert_func.str1.1
                0x08035eca       0x3c /Applications/STM32CubeIDE.app/Contents/Eclipse/plugins/com.st.stm32cube.ide.mcu.externaltools.gnu-tools-for-stm32.12.3.rel1.macos64_1.0.200.202406191456/tools/bin/../lib/gcc/arm-none-eabi/12.3.1/../../../../arm-none-eabi/lib/thumb/v7e-m+dp/hard/libc_nano.a(libc_a-assert.o)
                                 0x3d (size before relaxing)
 .rodata._dtoa_r.str1.1
                0x08035f06       0x8d /Applications/STM32CubeIDE.app/Contents/Eclipse/plugins/com.st.stm32cube.ide.mcu.externaltools.gnu-tools-for-stm32.12.3.rel1.macos64_1.0.200.202406191456/tools/bin/../lib/gcc/arm-none-eabi/12.3.1/../../../../arm-none-eabi/lib/thumb/v7e-m+dp/hard/libc_nano.a(libc_a-dtoa.o)
                                 0x8f (size before relaxing)
 .rodata._svfprintf_r.str1.1
                0x08035f93       0x11 /Applications/STM32CubeIDE.app/Contents/Eclipse/plugins/com.st.stm32cube.ide.mcu.externaltools.gnu-tools-for-stm32.12.3.rel1.macos64_1.0.200.202406191456/tools/bin/../lib/gcc/arm-none-eabi/12.3.1/../../../../arm-none-eabi/lib/thumb/v7e-m+dp/hard/libc_nano.a(libc_a-nano-svfprintf.o)
 .rodata._Balloc.str1.1
                0x08035fa4       0x59 /Applications/STM32CubeIDE.app/Contents/Eclipse/plugins/com.st.stm32cube.ide.mcu.externaltools.gnu-tools-for-stm32.12.3.rel1.macos64_1.0.200.202406191456/tools/bin/../lib/gcc/arm-none-eabi/12.3.1/../../../../arm-none-eabi/lib/thumb/v7e-m+dp/hard/libc_nano.a(libc_a-mprec.o)
                                 0x70 (size before relaxing)
 .rodata.__multadd.str1.1
                0x08035ffd       0x11 /Applications/STM32CubeIDE.app/Contents/Eclipse/plugins/com.st.stm32cube.ide.mcu.externaltools.gnu-tools-for-stm32.12.3.rel1.macos64_1.0.200.202406191456/tools/bin/../lib/gcc/arm-none-eabi/12.3.1/../../../../arm-none-eabi/lib/thumb/v7e-m+dp/hard/libc_nano.a(libc_a-mprec.o)
 *fill*         0x08035ffd        0x3 
 .rodata.p05.0  0x08036000        0xc /Applications/STM32CubeIDE.app/Contents/Eclipse/plugins/com.st.stm32cube.ide.mcu.externaltools.gnu-tools-for-stm32.12.3.rel1.macos64_1.0.200.202406191456/tools/bin/../lib/gcc/arm-none-eabi/12.3.1/../../../../arm-none-eabi/lib/thumb/v7e-m+dp/hard/libc_nano.a(libc_a-mprec.o)
 *fill*         0x0803600c        0x4 
 .rodata.__mprec_bigtens
                0x08036010       0x28 /Applications/STM32CubeIDE.app/Contents/Eclipse/plugins/com.st.stm32cube.ide.mcu.externaltools.gnu-tools-for-stm32.12.3.rel1.macos64_1.0.200.202406191456/tools/bin/../lib/gcc/arm-none-eabi/12.3.1/../../../../arm-none-eabi/lib/thumb/v7e-m+dp/hard/libc_nano.a(libc_a-mprec.o)
                0x08036010                __mprec_bigtens
 .rodata.__mprec_tens
                0x08036038       0xc8 /Applications/STM32CubeIDE.app/Contents/Eclipse/plugins/com.st.stm32cube.ide.mcu.externaltools.gnu-tools-for-stm32.12.3.rel1.macos64_1.0.200.202406191456/tools/bin/../lib/gcc/arm-none-eabi/12.3.1/../../../../arm-none-eabi/lib/thumb/v7e-m+dp/hard/libc_nano.a(libc_a-mprec.o)
                0x08036038                __mprec_tens
 .rodata._setlocale_r.str1.1
                0x08036100        0x8 /Applications/STM32CubeIDE.app/Contents/Eclipse/plugins/com.st.stm32cube.ide.mcu.externaltools.gnu-tools-for-stm32.12.3.rel1.macos64_1.0.200.202406191456/tools/bin/../lib/gcc/arm-none-eabi/12.3.1/../../../../arm-none-eabi/lib/thumb/v7e-m+dp/hard/libc_nano.a(libc_a-locale.o)
                                  0x9 (size before relaxing)
 .rodata.str1.1
                0x08036108        0x8 /Applications/STM32CubeIDE.app/Contents/Eclipse/plugins/com.st.stm32cube.ide.mcu.externaltools.gnu-tools-for-stm32.12.3.rel1.macos64_1.0.200.202406191456/tools/bin/../lib/gcc/arm-none-eabi/12.3.1/../../../../arm-none-eabi/lib/thumb/v7e-m+dp/hard/libc_nano.a(libc_a-locale.o)
                                  0x2 (size before relaxing)
 .rodata._ctype_
                0x08036108      0x101 /Applications/STM32CubeIDE.app/Contents/Eclipse/plugins/com.st.stm32cube.ide.mcu.externaltools.gnu-tools-for-stm32.12.3.rel1.macos64_1.0.200.202406191456/tools/bin/../lib/gcc/arm-none-eabi/12.3.1/../../../../arm-none-eabi/lib/thumb/v7e-m+dp/hard/libc_nano.a(libc_a-ctype_.o)
                0x08036108                _ctype_
 .rodata._vfprintf_r.str1.1
                0x08036209       0x11 /Applications/STM32CubeIDE.app/Contents/Eclipse/plugins/com.st.stm32cube.ide.mcu.externaltools.gnu-tools-for-stm32.12.3.rel1.macos64_1.0.200.202406191456/tools/bin/../lib/gcc/arm-none-eabi/12.3.1/../../../../arm-none-eabi/lib/thumb/v7e-m+dp/hard/libc_nano.a(libc_a-nano-vfprintf.o)
                0x0803621c                        . = ALIGN (0x4)
 *fill*         0x08036209        0x3 

.ARM.extab      0x0803620c        0x0
                0x0803620c                        . = ALIGN (0x4)
 *(.ARM.extab* .gnu.linkonce.armextab.*)
                0x0803620c                        . = ALIGN (0x4)

.ARM            0x0803620c        0x8
                0x0803620c                        . = ALIGN (0x4)
                0x0803620c                        __exidx_start = .
 *(.ARM.exidx*)
 .ARM.exidx     0x0803620c        0x8 /Applications/STM32CubeIDE.app/Contents/Eclipse/plugins/com.st.stm32cube.ide.mcu.externaltools.gnu-tools-for-stm32.12.3.rel1.macos64_1.0.200.202406191456/tools/bin/../lib/gcc/arm-none-eabi/12.3.1/../../../../arm-none-eabi/lib/thumb/v7e-m+dp/hard/libc_nano.a(libc_a-memchr.o)
 .ARM.exidx     0x08036214        0x0 /Applications/STM32CubeIDE.app/Contents/Eclipse/plugins/com.st.stm32cube.ide.mcu.externaltools.gnu-tools-for-stm32.12.3.rel1.macos64_1.0.200.202406191456/tools/bin/../lib/gcc/arm-none-eabi/12.3.1/../../../../arm-none-eabi/lib/thumb/v7e-m+dp/hard/libc_nano.a(libc_a-strlen.o)
                                  0x8 (size before relaxing)
 .ARM.exidx     0x08036214        0x0 /Applications/STM32CubeIDE.app/Contents/Eclipse/plugins/com.st.stm32cube.ide.mcu.externaltools.gnu-tools-for-stm32.12.3.rel1.macos64_1.0.200.202406191456/tools/bin/../lib/gcc/arm-none-eabi/12.3.1/thumb/v7e-m+dp/hard/libgcc.a(_udivmoddi4.o)
                                  0x8 (size before relaxing)
                0x08036214                        __exidx_end = .
                0x08036214                        . = ALIGN (0x4)

.preinit_array  0x08036214        0x0
                0x08036214                        . = ALIGN (0x4)
                0x08036214                        PROVIDE (__preinit_array_start = .)
 *(.preinit_array*)
                0x08036214                        PROVIDE (__preinit_array_end = .)
                0x08036214                        . = ALIGN (0x4)

.init_array     0x08036214        0x4
                0x08036214                        . = ALIGN (0x4)
                0x08036214                        PROVIDE (__init_array_start = .)
 *(SORT_BY_NAME(.init_array.*))
 *(.init_array*)
 .init_array    0x08036214        0x4 /Applications/STM32CubeIDE.app/Contents/Eclipse/plugins/com.st.stm32cube.ide.mcu.externaltools.gnu-tools-for-stm32.12.3.rel1.macos64_1.0.200.202406191456/tools/bin/../lib/gcc/arm-none-eabi/12.3.1/thumb/v7e-m+dp/hard/crtbegin.o
                0x08036218                        PROVIDE (__init_array_end = .)
                0x08036218                        . = ALIGN (0x4)

.fini_array     0x08036218        0x4
                0x08036218                        . = ALIGN (0x4)
                [!provide]                        PROVIDE (__fini_array_start = .)
 *(SORT_BY_NAME(.fini_array.*))
 *(.fini_array*)
 .fini_array    0x08036218        0x4 /Applications/STM32CubeIDE.app/Contents/Eclipse/plugins/com.st.stm32cube.ide.mcu.externaltools.gnu-tools-for-stm32.12.3.rel1.macos64_1.0.200.202406191456/tools/bin/../lib/gcc/arm-none-eabi/12.3.1/thumb/v7e-m+dp/hard/crtbegin.o
                [!provide]                        PROVIDE (__fini_array_end = .)
                0x0803621c                        . = ALIGN (0x4)
                0x0803621c                        _sidata = LOADADDR (.data)

.rel.dyn        0x0803621c        0x0
 .rel.iplt      0x0803621c        0x0 /Applications/STM32CubeIDE.app/Contents/Eclipse/plugins/com.st.stm32cube.ide.mcu.externaltools.gnu-tools-for-stm32.12.3.rel1.macos64_1.0.200.202406191456/tools/bin/../lib/gcc/arm-none-eabi/12.3.1/thumb/v7e-m+dp/hard/crtbegin.o

.data           0x20000eb0      0x804 load address 0x0803621c
                0x20000eb0                        . = ALIGN (0x4)
                0x20000eb0                        _sdata = .
 *(.data)
 *(.data*)
 .data.mnist_test_labels
                0x20000eb0        0x4 ./Core/Src/main.o
                0x20000eb0                mnist_test_labels
 .data.mnist_test
                0x20000eb4        0x4 ./Core/Src/main.o
                0x20000eb4                mnist_test
 .data.SystemCoreClock
                0x20000eb8        0x4 ./Core/Src/system_stm32f7xx.o
                0x20000eb8                SystemCoreClock
 .data.sdramstatus.3
                0x20000ebc        0x1 ./Drivers/BSP/STM32F769I-Discovery/stm32f769i_discovery_sdram.o
 .data.uwTickFreq
                0x20000ebd        0x1 ./Drivers/STM32F7xx_HAL_Driver/Src/stm32f7xx_hal.o
                0x20000ebd                uwTickFreq
 *fill*         0x20000ebe        0x2 
 .data.uwTickPrio
                0x20000ec0        0x4 ./Drivers/STM32F7xx_HAL_Driver/Src/stm32f7xx_hal.o
                0x20000ec0                uwTickPrio
 .data._ioWriteAllowed
                0x20000ec4        0x1 ./X-CUBE-AI/App/aiTestUtility.o
 *fill*         0x20000ec5        0x3 
 .data.data_activations0
                0x20000ec8        0x4 ./X-CUBE-AI/App/app_x-cube-ai.o
                0x20000ec8                data_activations0
 .data.g_network
                0x20000ecc       0x4c ./X-CUBE-AI/App/network.o
 .data.__compound_literal.78
                0x20000f18       0x18 ./X-CUBE-AI/App/network.o
 .data.__compound_literal.77
                0x20000f30        0xc ./X-CUBE-AI/App/network.o
 .data.__compound_literal.73
                0x20000f3c        0x4 ./X-CUBE-AI/App/network.o
 .data.__compound_literal.72
                0x20000f40        0xc ./X-CUBE-AI/App/network.o
 .data.__compound_literal.68
                0x20000f4c        0x4 ./X-CUBE-AI/App/network.o
 .data.__compound_literal.67
                0x20000f50       0x1c ./X-CUBE-AI/App/network.o
 .data.__compound_literal.66
                0x20000f6c       0x10 ./X-CUBE-AI/App/network.o
 .data.__compound_literal.65
                0x20000f7c       0x1c ./X-CUBE-AI/App/network.o
 .data.__compound_literal.64
                0x20000f98       0x10 ./X-CUBE-AI/App/network.o
 .data._Relu_output_0_layer
                0x20000fa8       0x1c ./X-CUBE-AI/App/network.o
 .data.__compound_literal.63
                0x20000fc4       0x30 ./X-CUBE-AI/App/network.o
 .data.__compound_literal.62
                0x20000ff4        0x4 ./X-CUBE-AI/App/network.o
 .data.__compound_literal.61
                0x20000ff8        0x8 ./X-CUBE-AI/App/network.o
 .data.__compound_literal.60
                0x20001000        0x4 ./X-CUBE-AI/App/network.o
 .data.__compound_literal.59
                0x20001004        0x4 ./X-CUBE-AI/App/network.o
 .data._Relu_1_output_0_layer
                0x20001008       0x1c ./X-CUBE-AI/App/network.o
 .data.__compound_literal.58
                0x20001024       0x30 ./X-CUBE-AI/App/network.o
 .data.__compound_literal.57
                0x20001054        0x4 ./X-CUBE-AI/App/network.o
 .data.__compound_literal.56
                0x20001058        0x8 ./X-CUBE-AI/App/network.o
 .data.__compound_literal.55
                0x20001060        0x4 ./X-CUBE-AI/App/network.o
 .data.__compound_literal.54
                0x20001064        0x4 ./X-CUBE-AI/App/network.o
 .data.output_QuantizeLinear_Input_layer
                0x20001068       0x1c ./X-CUBE-AI/App/network.o
 .data.__compound_literal.53
                0x20001084       0x30 ./X-CUBE-AI/App/network.o
 .data.__compound_literal.52
                0x200010b4        0x4 ./X-CUBE-AI/App/network.o
 .data.__compound_literal.51
                0x200010b8        0x8 ./X-CUBE-AI/App/network.o
 .data.__compound_literal.50
                0x200010c0        0x4 ./X-CUBE-AI/App/network.o
 .data.__compound_literal.49
                0x200010c4        0x4 ./X-CUBE-AI/App/network.o
 .data.input_output0
                0x200010c8       0x1c ./X-CUBE-AI/App/network.o
 .data.__compound_literal.48
                0x200010e4       0x10 ./X-CUBE-AI/App/network.o
 .data.__compound_literal.47
                0x200010f4       0x10 ./X-CUBE-AI/App/network.o
 .data.input_output
                0x20001104       0x1c ./X-CUBE-AI/App/network.o
 .data.__compound_literal.46
                0x20001120       0x10 ./X-CUBE-AI/App/network.o
 .data.__compound_literal.45
                0x20001130       0x10 ./X-CUBE-AI/App/network.o
 .data._Relu_output_0_scratch0
                0x20001140       0x1c ./X-CUBE-AI/App/network.o
 .data.__compound_literal.44
                0x2000115c       0x10 ./X-CUBE-AI/App/network.o
 .data.__compound_literal.43
                0x2000116c       0x10 ./X-CUBE-AI/App/network.o
 .data.output_QuantizeLinear_Input_bias
                0x2000117c       0x1c ./X-CUBE-AI/App/network.o
 .data.__compound_literal.42
                0x20001198       0x10 ./X-CUBE-AI/App/network.o
 .data.__compound_literal.41
                0x200011a8       0x10 ./X-CUBE-AI/App/network.o
 .data.output_QuantizeLinear_Input_weights
                0x200011b8       0x1c ./X-CUBE-AI/App/network.o
 .data.__compound_literal.40
                0x200011d4       0x10 ./X-CUBE-AI/App/network.o
 .data.__compound_literal.39
                0x200011e4       0x10 ./X-CUBE-AI/App/network.o
 .data._Relu_1_output_0_bias
                0x200011f4       0x1c ./X-CUBE-AI/App/network.o
 .data.__compound_literal.38
                0x20001210       0x10 ./X-CUBE-AI/App/network.o
 .data.__compound_literal.37
                0x20001220       0x10 ./X-CUBE-AI/App/network.o
 .data._Relu_1_output_0_weights
                0x20001230       0x1c ./X-CUBE-AI/App/network.o
 .data.__compound_literal.36
                0x2000124c       0x10 ./X-CUBE-AI/App/network.o
 .data.__compound_literal.35
                0x2000125c       0x10 ./X-CUBE-AI/App/network.o
 .data._Relu_output_0_bias
                0x2000126c       0x1c ./X-CUBE-AI/App/network.o
 .data.__compound_literal.34
                0x20001288       0x10 ./X-CUBE-AI/App/network.o
 .data.__compound_literal.33
                0x20001298       0x10 ./X-CUBE-AI/App/network.o
 .data.output_QuantizeLinear_Input_scratch0
                0x200012a8       0x1c ./X-CUBE-AI/App/network.o
 .data.__compound_literal.32
                0x200012c4       0x10 ./X-CUBE-AI/App/network.o
 .data.__compound_literal.31
                0x200012d4       0x10 ./X-CUBE-AI/App/network.o
 .data._Relu_output_0_weights
                0x200012e4       0x1c ./X-CUBE-AI/App/network.o
 .data.__compound_literal.30
                0x20001300       0x10 ./X-CUBE-AI/App/network.o
 .data.__compound_literal.29
                0x20001310       0x10 ./X-CUBE-AI/App/network.o
 .data.output_QuantizeLinear_Input_output
                0x20001320       0x1c ./X-CUBE-AI/App/network.o
 .data.__compound_literal.28
                0x2000133c       0x10 ./X-CUBE-AI/App/network.o
 .data.__compound_literal.27
                0x2000134c       0x10 ./X-CUBE-AI/App/network.o
 .data._Relu_1_output_0_output
                0x2000135c       0x1c ./X-CUBE-AI/App/network.o
 .data.__compound_literal.26
                0x20001378       0x10 ./X-CUBE-AI/App/network.o
 .data.__compound_literal.25
                0x20001388       0x10 ./X-CUBE-AI/App/network.o
 .data._Relu_1_output_0_scratch0
                0x20001398       0x1c ./X-CUBE-AI/App/network.o
 .data.__compound_literal.24
                0x200013b4       0x10 ./X-CUBE-AI/App/network.o
 .data.__compound_literal.23
                0x200013c4       0x10 ./X-CUBE-AI/App/network.o
 .data._Relu_output_0_output
                0x200013d4       0x1c ./X-CUBE-AI/App/network.o
 .data.__compound_literal.22
                0x200013f0       0x10 ./X-CUBE-AI/App/network.o
 .data.__compound_literal.21
                0x20001400       0x10 ./X-CUBE-AI/App/network.o
 .data.output_QuantizeLinear_Input_scratch0_array
                0x20001410       0x10 ./X-CUBE-AI/App/network.o
 .data._Relu_1_output_0_scratch0_array
                0x20001420       0x10 ./X-CUBE-AI/App/network.o
 .data._Relu_output_0_scratch0_array
                0x20001430       0x10 ./X-CUBE-AI/App/network.o
 .data.output_QuantizeLinear_Input_bias_array
                0x20001440       0x10 ./X-CUBE-AI/App/network.o
 .data.output_QuantizeLinear_Input_weights_array
                0x20001450       0x10 ./X-CUBE-AI/App/network.o
 .data._Relu_1_output_0_bias_array
                0x20001460       0x10 ./X-CUBE-AI/App/network.o
 .data._Relu_1_output_0_weights_array
                0x20001470       0x10 ./X-CUBE-AI/App/network.o
 .data._Relu_output_0_bias_array
                0x20001480       0x10 ./X-CUBE-AI/App/network.o
 .data._Relu_output_0_weights_array
                0x20001490       0x10 ./X-CUBE-AI/App/network.o
 .data.output_QuantizeLinear_Input_output_array
                0x200014a0       0x10 ./X-CUBE-AI/App/network.o
 .data._Relu_1_output_0_output_array
                0x200014b0       0x10 ./X-CUBE-AI/App/network.o
 .data._Relu_output_0_output_array
                0x200014c0       0x10 ./X-CUBE-AI/App/network.o
 .data.input_output_array
                0x200014d0       0x10 ./X-CUBE-AI/App/network.o
 .data.g_network_weights_table
                0x200014e0        0xc ./X-CUBE-AI/App/network_data_params.o
                0x200014e0                g_network_weights_table
 .data.__sglue  0x200014ec        0xc /Applications/STM32CubeIDE.app/Contents/Eclipse/plugins/com.st.stm32cube.ide.mcu.externaltools.gnu-tools-for-stm32.12.3.rel1.macos64_1.0.200.202406191456/tools/bin/../lib/gcc/arm-none-eabi/12.3.1/../../../../arm-none-eabi/lib/thumb/v7e-m+dp/hard/libc_nano.a(libc_a-findfp.o)
                0x200014ec                __sglue
 .data._impure_ptr
                0x200014f8        0x4 /Applications/STM32CubeIDE.app/Contents/Eclipse/plugins/com.st.stm32cube.ide.mcu.externaltools.gnu-tools-for-stm32.12.3.rel1.macos64_1.0.200.202406191456/tools/bin/../lib/gcc/arm-none-eabi/12.3.1/../../../../arm-none-eabi/lib/thumb/v7e-m+dp/hard/libc_nano.a(libc_a-impure.o)
                0x200014f8                _impure_ptr
 .data._impure_data
                0x200014fc       0x4c /Applications/STM32CubeIDE.app/Contents/Eclipse/plugins/com.st.stm32cube.ide.mcu.externaltools.gnu-tools-for-stm32.12.3.rel1.macos64_1.0.200.202406191456/tools/bin/../lib/gcc/arm-none-eabi/12.3.1/../../../../arm-none-eabi/lib/thumb/v7e-m+dp/hard/libc_nano.a(libc_a-impure.o)
                0x200014fc                _impure_data
 .data.__global_locale
                0x20001548      0x16c /Applications/STM32CubeIDE.app/Contents/Eclipse/plugins/com.st.stm32cube.ide.mcu.externaltools.gnu-tools-for-stm32.12.3.rel1.macos64_1.0.200.202406191456/tools/bin/../lib/gcc/arm-none-eabi/12.3.1/../../../../arm-none-eabi/lib/thumb/v7e-m+dp/hard/libc_nano.a(libc_a-locale.o)
                0x20001548                __global_locale
 *(.RamFunc)
 *(.RamFunc*)
                0x200016b4                        . = ALIGN (0x4)
                0x200016b4                        _edata = .

.igot.plt       0x200016b4        0x0 load address 0x08036a20
 .igot.plt      0x200016b4        0x0 /Applications/STM32CubeIDE.app/Contents/Eclipse/plugins/com.st.stm32cube.ide.mcu.externaltools.gnu-tools-for-stm32.12.3.rel1.macos64_1.0.200.202406191456/tools/bin/../lib/gcc/arm-none-eabi/12.3.1/thumb/v7e-m+dp/hard/crtbegin.o
                0x200016b4                        . = ALIGN (0x4)

.bss            0x200016b8      0x814 load address 0x08036a20
                0x200016b8                        _sbss = .
                0x200016b8                        __bss_start__ = _sbss
 *(.bss)