../Core/Src/main.c:173:6:SystemClock_Config	88	static,ignoring_inline_asm
../Core/Src/main.c:227:6:MX_USART1_UART_Init	8	static,ignoring_inline_asm
../Core/Src/main.c:754:9:pa3_ai_network_init	64	static,ignoring_inline_asm
../Core/Src/main.c:782:8:pa3_ai_network_inference	112	static,ignoring_inline_asm
../Core/Src/main.c:910:6:UART_SendString	16	static
../Core/Src/main.c:841:6:pa3_run_model_on_test_dataset	48	static,ignoring_inline_asm
../Core/Src/main.c:923:6:TIM2_Init_1us	16	static,ignoring_inline_asm
../Core/Src/main.c:93:5:main	112	static,ignoring_inline_asm
../Core/Src/main.c:1007:6:Error_Handler	0	static,ignoring_inline_asm
